 ClosedLoopSystem_PID_Exp_python_block_2_cgxe

 Timestamp is 698b0697 (Tue Feb 10 11:21:11 2026)

 Preferred load address is 0000000180000000

 Start         Length     Name                   Class
 0001:00000000 0000c6e0H .text$mn                CODE
 0001:0000c6e0 00000036H .text$mn$00             CODE
 0001:0000c716 00000092H .text$x                 CODE
 0002:00000000 000003c0H .idata$5                DATA
 0002:000003c0 00000038H .00cfg                  DATA
 0002:000003f8 00000008H .CRT$XCA                DATA
 0002:00000400 00000008H .CRT$XCZ                DATA
 0002:00000408 00000008H .CRT$XIA                DATA
 0002:00000410 00000008H .CRT$XIZ                DATA
 0002:00000418 00000008H .CRT$XPA                DATA
 0002:00000420 00000008H .CRT$XPZ                DATA
 0002:00000428 00000008H .CRT$XTA                DATA
 0002:00000430 00000010H .CRT$XTZ                DATA
 0002:00000438 00000000H .gehcont$y              DATA
 0002:00000438 00000000H .gfids$y                DATA
 0002:00000440 00000240H .rdata                  DATA
 0002:00000680 00000080H .rdata$CastGuardVftablesA DATA
 0002:00000700 00000080H .rdata$CastGuardVftablesC DATA
 0002:00000780 00000120H .rdata$voltmd           DATA
 0002:000008a0 00000278H .rdata$zzzdbg           DATA
 0002:00000b18 00000008H .rtc$IAA                DATA
 0002:00000b20 00000008H .rtc$IZZ                DATA
 0002:00000b28 00000008H .rtc$TAA                DATA
 0002:00000b30 00000008H .rtc$TZZ                DATA
 0002:00000b38 00000898H .xdata                  DATA
 0002:000013d0 00000098H .edata                  DATA
 0002:00001468 000000dcH .idata$2                DATA
 0002:00001544 00000014H .idata$3                DATA
 0002:00001558 000003c0H .idata$4                DATA
 0002:00001918 000009a6H .idata$6                DATA
 0003:00000000 00002780H .data                   DATA
 0003:00002780 00000620H .bss                    DATA
 0004:00000000 00000a98H .pdata                  DATA

  Address         Publics by Value              Rva+Base               Lib:Object

 0000:00000000       __AbsoluteZero             0000000000000000     <absolute>
 0000:00000000       ___safe_se_handler_count   0000000000000000     <absolute>
 0000:00000000       ___safe_se_handler_table   0000000000000000     <absolute>
 0000:00000000       __arm64x_extra_rfe_table   0000000000000000     <absolute>
 0000:00000000       __arm64x_extra_rfe_table_size 0000000000000000     <absolute>
 0000:00000000       __arm64x_native_entrypoint 0000000000000000     <absolute>
 0000:00000000       __arm64x_redirection_metadata 0000000000000000     <absolute>
 0000:00000000       __arm64x_redirection_metadata_count 0000000000000000     <absolute>
 0000:00000000       __dynamic_value_reloc_table 0000000000000000     <absolute>
 0000:00000000       __enclave_config           0000000000000000     <absolute>
 0000:00000000       __guard_check_icall_a64n_fptr 0000000000000000     <absolute>
 0000:00000000       __guard_eh_cont_count      0000000000000000     <absolute>
 0000:00000000       __guard_eh_cont_table      0000000000000000     <absolute>
 0000:00000000       __guard_fids_count         0000000000000000     <absolute>
 0000:00000000       __guard_fids_table         0000000000000000     <absolute>
 0000:00000000       __guard_iat_count          0000000000000000     <absolute>
 0000:00000000       __guard_iat_table          0000000000000000     <absolute>
 0000:00000000       __guard_longjmp_count      0000000000000000     <absolute>
 0000:00000000       __guard_longjmp_table      0000000000000000     <absolute>
 0000:00000000       __hybrid_auxiliary_delayload_iat 0000000000000000     <absolute>
 0000:00000000       __hybrid_auxiliary_delayload_iat_copy 0000000000000000     <absolute>
 0000:00000000       __hybrid_auxiliary_iat     0000000000000000     <absolute>
 0000:00000000       __hybrid_auxiliary_iat_copy 0000000000000000     <absolute>
 0000:00000000       __hybrid_code_map          0000000000000000     <absolute>
 0000:00000000       __hybrid_code_map_count    0000000000000000     <absolute>
 0000:00000000       __hybrid_image_info_bitfield 0000000000000000     <absolute>
 0000:00000000       __x64_code_ranges_to_entry_points 0000000000000000     <absolute>
 0000:00000000       __x64_code_ranges_to_entry_points_count 0000000000000000     <absolute>
 0000:00000100       __guard_flags              0000000000000100     <absolute>
 0000:00000000       __ImageBase                0000000180000000     <linker-defined>
 0001:00000000       mexfilerequiredapiversion  0000000180001000 f   c_mexapi_version.obj
 0001:00000030       cgxe_ClosedLoopSystem_PID_Exp_python_block_2_method_dispatcher 0000000180001030 f   ClosedLoopSystem_PID_Exp_python_block_2_cgxe.obj
 0001:00000190       method_dispatcher_uZdi31gtSmAfYTvQm3xAoF 0000000180001190 f   m_uZdi31gtSmAfYTvQm3xAoF.obj
 0001:00002050       cgxe_uZdi31gtSmAfYTvQm3xAoF_BuildInfoUpdate 0000000180003050 f   m_uZdi31gtSmAfYTvQm3xAoF.obj
 0001:00002110       cgxe_uZdi31gtSmAfYTvQm3xAoF_fallback_info 0000000180003110 f   m_uZdi31gtSmAfYTvQm3xAoF.obj
 0001:000021b0       mexFunction                00000001800031b0 f   ClosedLoopSystem_PID_Exp_python_block_2_cgxe_registry.obj
 0001:00004070       _ssSetInputPortDirectFeedThroughFcn 0000000180005070 f   ClosedLoopSystem_PID_Exp_python_block_2_cgxe_registry.obj
 0001:000041e0       _ssSetRWorkValueFcn        00000001800051e0 f   ClosedLoopSystem_PID_Exp_python_block_2_cgxe_registry.obj
 0001:00004260       _ssGetRWorkValueFcn        0000000180005260 f   ClosedLoopSystem_PID_Exp_python_block_2_cgxe_registry.obj
 0001:000042d0       _ssSetIWorkValueFcn        00000001800052d0 f   ClosedLoopSystem_PID_Exp_python_block_2_cgxe_registry.obj
 0001:00004350       _ssGetIWorkValueFcn        0000000180005350 f   ClosedLoopSystem_PID_Exp_python_block_2_cgxe_registry.obj
 0001:000043c0       _ssSetPWorkValueFcn        00000001800053c0 f   ClosedLoopSystem_PID_Exp_python_block_2_cgxe_registry.obj
 0001:00004440       _ssGetPWorkValueFcn        0000000180005440 f   ClosedLoopSystem_PID_Exp_python_block_2_cgxe_registry.obj
 0001:000044b0       _ssGetInputPortSignalFcn   00000001800054b0 f   ClosedLoopSystem_PID_Exp_python_block_2_cgxe_registry.obj
 0001:00004840       _ssGetInputPortBufferDstPortFcn 0000000180005840 f   ClosedLoopSystem_PID_Exp_python_block_2_cgxe_registry.obj
 0001:000048c0       _ssGetInputPortSignalPtrsFcn 00000001800058c0 f   ClosedLoopSystem_PID_Exp_python_block_2_cgxe_registry.obj
 0001:00004c50       ssGetParameterTuningCompliance 0000000180005c50 f   ClosedLoopSystem_PID_Exp_python_block_2_cgxe_registry.obj
 0001:00004cc0       _ssReadInputStringFcn      0000000180005cc0 f   ClosedLoopSystem_PID_Exp_python_block_2_cgxe_registry.obj
 0001:00004d30       ssGetDTypeIdFromMxArray    0000000180005d30 f   ClosedLoopSystem_PID_Exp_python_block_2_cgxe_registry.obj
 0001:00004e50       ssWriteRTWMx2dMatParam     0000000180005e50 f   ClosedLoopSystem_PID_Exp_python_block_2_cgxe_registry.obj
 0001:00004ee0       ssWriteRTWMxVectParam      0000000180005ee0 f   ClosedLoopSystem_PID_Exp_python_block_2_cgxe_registry.obj
 0001:00004f60       ssWriteRTWParameters       0000000180005f60 f   ClosedLoopSystem_PID_Exp_python_block_2_cgxe_registry.obj
 0001:00005520       ssWriteRTWParamSettings    0000000180006520 f   ClosedLoopSystem_PID_Exp_python_block_2_cgxe_registry.obj
 0001:00005c10       ssWriteRTWStr              0000000180006c10 f   ClosedLoopSystem_PID_Exp_python_block_2_cgxe_registry.obj
 0001:00005c70       ssWriteRTWWorkVect         0000000180006c70 f   ClosedLoopSystem_PID_Exp_python_block_2_cgxe_registry.obj
 0001:000061d0       ssWarning                  00000001800071d0 f   ClosedLoopSystem_PID_Exp_python_block_2_cgxe_registry.obj
 0001:000062c0       ssGetRootSS                00000001800072c0 f   ClosedLoopSystem_PID_Exp_python_block_2_cgxe_registry.obj
 0001:00006380       ssGetParentSS              0000000180007380 f   ClosedLoopSystem_PID_Exp_python_block_2_cgxe_registry.obj
 0001:00006440       ssWriteRTWNameValuePair    0000000180007440 f   ClosedLoopSystem_PID_Exp_python_block_2_cgxe_registry.obj
 0001:00006940       _ssSetInputPortMatrixDimensions 0000000180007940 f   ClosedLoopSystem_PID_Exp_python_block_2_cgxe_registry.obj
 0001:00006a90       _ssSetOutputPortMatrixDimensions 0000000180007a90 f   ClosedLoopSystem_PID_Exp_python_block_2_cgxe_registry.obj
 0001:00006be0       _ssSetInputPortVectorDimension 0000000180007be0 f   ClosedLoopSystem_PID_Exp_python_block_2_cgxe_registry.obj
 0001:00006c90       _ssSetOutputPortVectorDimension 0000000180007c90 f   ClosedLoopSystem_PID_Exp_python_block_2_cgxe_registry.obj
 0001:00006d40       ssIsRunTimeParamTunable    0000000180007d40 f   ClosedLoopSystem_PID_Exp_python_block_2_cgxe_registry.obj
 0001:00006db0       ssGetSFuncBlockHandle      0000000180007db0 f   ClosedLoopSystem_PID_Exp_python_block_2_cgxe_registry.obj
 0001:00006e20       _ssGetCallSystemNumFcnCallDestinations 0000000180007e20 f   ClosedLoopSystem_PID_Exp_python_block_2_cgxe_registry.obj
 0001:00006e90       _ssGetCurrentInputPortWidth 0000000180007e90 f   ClosedLoopSystem_PID_Exp_python_block_2_cgxe_registry.obj
 0001:00006fd0       _ssGetCurrentOutputPortWidth 0000000180007fd0 f   ClosedLoopSystem_PID_Exp_python_block_2_cgxe_registry.obj
 0001:00007110       ssGetIsZeroCrossControlDisabled 0000000180008110 f   ClosedLoopSystem_PID_Exp_python_block_2_cgxe_registry.obj
 0001:00007180       ssSetIsInputPortUsedForContZcSignal 0000000180008180 f   ClosedLoopSystem_PID_Exp_python_block_2_cgxe_registry.obj
 0001:000071f0       ssSetZcSignalIsZcElementDisc 00000001800081f0 f   ClosedLoopSystem_PID_Exp_python_block_2_cgxe_registry.obj
 0001:000072a0       ssSetZcSignalName          00000001800082a0 f   ClosedLoopSystem_PID_Exp_python_block_2_cgxe_registry.obj
 0001:00007310       ssSetZcSignalWidth         0000000180008310 f   ClosedLoopSystem_PID_Exp_python_block_2_cgxe_registry.obj
 0001:00007380       ssSetZcSignalZcEventType   0000000180008380 f   ClosedLoopSystem_PID_Exp_python_block_2_cgxe_registry.obj
 0001:000073f0       ssSetZcSignalType          00000001800083f0 f   ClosedLoopSystem_PID_Exp_python_block_2_cgxe_registry.obj
 0001:00007460       ssSetZcSignalZcTol         0000000180008460 f   ClosedLoopSystem_PID_Exp_python_block_2_cgxe_registry.obj
 0001:000074d0       ssSetZcSignalNeedsEventNotification 00000001800084d0 f   ClosedLoopSystem_PID_Exp_python_block_2_cgxe_registry.obj
 0001:00007540       ssCreateAndAddZcSignalInfo 0000000180008540 f   ClosedLoopSystem_PID_Exp_python_block_2_cgxe_registry.obj
 0001:000075b0       ssCloneAndAddZcSignalInfo  00000001800085b0 f   ClosedLoopSystem_PID_Exp_python_block_2_cgxe_registry.obj
 0001:00007620       ssGetNumZcSignals          0000000180008620 f   ClosedLoopSystem_PID_Exp_python_block_2_cgxe_registry.obj
 0001:00007690       ssGetZcSignalVector        0000000180008690 f   ClosedLoopSystem_PID_Exp_python_block_2_cgxe_registry.obj
 0001:00007700       ssGetZcSignalName          0000000180008700 f   ClosedLoopSystem_PID_Exp_python_block_2_cgxe_registry.obj
 0001:00007770       ssGetZcSignalWidth         0000000180008770 f   ClosedLoopSystem_PID_Exp_python_block_2_cgxe_registry.obj
 0001:000077e0       ssGetZcSignalZcEventType   00000001800087e0 f   ClosedLoopSystem_PID_Exp_python_block_2_cgxe_registry.obj
 0001:00007850       ssGetZcSignalZcEvents      0000000180008850 f   ClosedLoopSystem_PID_Exp_python_block_2_cgxe_registry.obj
 0001:000078c0       ssGetZcSignalType          00000001800088c0 f   ClosedLoopSystem_PID_Exp_python_block_2_cgxe_registry.obj
 0001:00007930       ssGetZcSignalZcTol         0000000180008930 f   ClosedLoopSystem_PID_Exp_python_block_2_cgxe_registry.obj
 0001:000079b0       ssGetZcSignalNeedsEventNotification 00000001800089b0 f   ClosedLoopSystem_PID_Exp_python_block_2_cgxe_registry.obj
 0001:00007a20       ssGetZcSignalIsZcElementDisc 0000000180008a20 f   ClosedLoopSystem_PID_Exp_python_block_2_cgxe_registry.obj
 0001:00007ac0       ssGetIsInputPortElementContinuous 0000000180008ac0 f   ClosedLoopSystem_PID_Exp_python_block_2_cgxe_registry.obj
 0001:00007b60       _ssGetAbsTol               0000000180008b60 f   ClosedLoopSystem_PID_Exp_python_block_2_cgxe_registry.obj
 0001:00007bd0       _ssSetStateAbsTol          0000000180008bd0 f   ClosedLoopSystem_PID_Exp_python_block_2_cgxe_registry.obj
 0001:00007cb0       _ssSetInputPortReusableFcn 0000000180008cb0 f   ClosedLoopSystem_PID_Exp_python_block_2_cgxe_registry.obj
 0001:00007db0       _ssSetOutputPortReusableFcn 0000000180008db0 f   ClosedLoopSystem_PID_Exp_python_block_2_cgxe_registry.obj
 0001:00007eb0       _ssSetSymbolicDimsSupport  0000000180008eb0 f   ClosedLoopSystem_PID_Exp_python_block_2_cgxe_registry.obj
 0001:00007f20       _ssRegisterSymbolicDimsExpr 0000000180008f20 f   ClosedLoopSystem_PID_Exp_python_block_2_cgxe_registry.obj
 0001:00007fa0       _ssRegisterSymbolicDimsMATLABExpr 0000000180008fa0 f   ClosedLoopSystem_PID_Exp_python_block_2_cgxe_registry.obj
 0001:00008030       _ssRegisterSymbolicDims    0000000180009030 f   ClosedLoopSystem_PID_Exp_python_block_2_cgxe_registry.obj
 0001:000080d0       _ssRegisterSymbolicDimsString 00000001800090d0 f   ClosedLoopSystem_PID_Exp_python_block_2_cgxe_registry.obj
 0001:00008150       _ssRegisterSymbolicDimsIntValue 0000000180009150 f   ClosedLoopSystem_PID_Exp_python_block_2_cgxe_registry.obj
 0001:000081c0       _ssRegisterSymbolicEqualRelation 00000001800091c0 f   ClosedLoopSystem_PID_Exp_python_block_2_cgxe_registry.obj
 0001:00008230       _ssRegisterSymbolicEqualValue 0000000180009230 f   ClosedLoopSystem_PID_Exp_python_block_2_cgxe_registry.obj
 0001:000082a0       _ssAmendLeadingSymbolicDims 00000001800092a0 f   ClosedLoopSystem_PID_Exp_python_block_2_cgxe_registry.obj
 0001:00008320       _ssAmendTrailingSymbolicDims 0000000180009320 f   ClosedLoopSystem_PID_Exp_python_block_2_cgxe_registry.obj
 0001:000083a0       _ssRegisterSymbolicDimsPlus 00000001800093a0 f   ClosedLoopSystem_PID_Exp_python_block_2_cgxe_registry.obj
 0001:00008420       _ssRegisterSymbolicDimsMinus 0000000180009420 f   ClosedLoopSystem_PID_Exp_python_block_2_cgxe_registry.obj
 0001:000084a0       _ssRegisterSymbolicDimsMultiply 00000001800094a0 f   ClosedLoopSystem_PID_Exp_python_block_2_cgxe_registry.obj
 0001:00008520       _ssRegisterSymbolicDimsDivide 0000000180009520 f   ClosedLoopSystem_PID_Exp_python_block_2_cgxe_registry.obj
 0001:000085a0       _ssGetNumSymbolicDims      00000001800095a0 f   ClosedLoopSystem_PID_Exp_python_block_2_cgxe_registry.obj
 0001:00008610       _ssGetSymbolicDim          0000000180009610 f   ClosedLoopSystem_PID_Exp_python_block_2_cgxe_registry.obj
 0001:00008690       _ssSetInputPortSymbolicDimsId 0000000180009690 f   ClosedLoopSystem_PID_Exp_python_block_2_cgxe_registry.obj
 0001:00008700       _ssGetCompInputPortSymbolicDimsId 0000000180009700 f   ClosedLoopSystem_PID_Exp_python_block_2_cgxe_registry.obj
 0001:00008770       _ssSetCompInputPortSymbolicDimsId 0000000180009770 f   ClosedLoopSystem_PID_Exp_python_block_2_cgxe_registry.obj
 0001:000087e0       _ssSetOutputPortSymbolicDimsId 00000001800097e0 f   ClosedLoopSystem_PID_Exp_python_block_2_cgxe_registry.obj
 0001:00008850       _ssGetCompOutputPortSymbolicDimsId 0000000180009850 f   ClosedLoopSystem_PID_Exp_python_block_2_cgxe_registry.obj
 0001:000088c0       _ssSetCompOutputPortSymbolicDimsId 00000001800098c0 f   ClosedLoopSystem_PID_Exp_python_block_2_cgxe_registry.obj
 0001:00008930       _ssGetDWorkSymbolicDimsId  0000000180009930 f   ClosedLoopSystem_PID_Exp_python_block_2_cgxe_registry.obj
 0001:000089a0       _ssSetDWorkSymbolicDimsId  00000001800099a0 f   ClosedLoopSystem_PID_Exp_python_block_2_cgxe_registry.obj
 0001:00008a10       _ssGetCompDWorkSymbolicDimsId 0000000180009a10 f   ClosedLoopSystem_PID_Exp_python_block_2_cgxe_registry.obj
 0001:00008a80       _ssSetCompDWorkSymbolicDimsId 0000000180009a80 f   ClosedLoopSystem_PID_Exp_python_block_2_cgxe_registry.obj
 0001:00008af0       _ssCreateSLCGStringBuffer  0000000180009af0 f   ClosedLoopSystem_PID_Exp_python_block_2_cgxe_registry.obj
 0001:00008b60       _ssAddToSLCGStringBuffer   0000000180009b60 f   ClosedLoopSystem_PID_Exp_python_block_2_cgxe_registry.obj
 0001:00008bd0       _ssGetPointerContainedData 0000000180009bd0 f   ClosedLoopSystem_PID_Exp_python_block_2_cgxe_registry.obj
 0001:00008c60       _ssGetPointerContainedDataWidth 0000000180009c60 f   ClosedLoopSystem_PID_Exp_python_block_2_cgxe_registry.obj
 0001:00008cf0       _ssRegisterDynamicArrayDataTypeFcn 0000000180009cf0 f   ClosedLoopSystem_PID_Exp_python_block_2_cgxe_registry.obj
 0001:00008d90       _ssGetDynamicArrayContainedDataCurrentWidthFcn 0000000180009d90 f   ClosedLoopSystem_PID_Exp_python_block_2_cgxe_registry.obj
 0001:00008e60       _ssGetDynamicArrayContainedDataFcn 0000000180009e60 f   ClosedLoopSystem_PID_Exp_python_block_2_cgxe_registry.obj
 0001:00008f30       _ssGetInputPortDynamicArrayDataFcn 0000000180009f30 f   ClosedLoopSystem_PID_Exp_python_block_2_cgxe_registry.obj
 0001:00008ff0       _ssGetOutputPortDynamicArrayDataFcn 0000000180009ff0 f   ClosedLoopSystem_PID_Exp_python_block_2_cgxe_registry.obj
 0001:000090b0       _ssGetInputPortDynamicArrayContainedDataFcn 000000018000a0b0 f   ClosedLoopSystem_PID_Exp_python_block_2_cgxe_registry.obj
 0001:00009170       _ssGetOutputPortDynamicArrayContainedDataFcn 000000018000a170 f   ClosedLoopSystem_PID_Exp_python_block_2_cgxe_registry.obj
 0001:00009230       _ssGetDynamicArrayDWorkContainedDataFcn 000000018000a230 f   ClosedLoopSystem_PID_Exp_python_block_2_cgxe_registry.obj
 0001:0000ad60       __local_stdio_printf_options 000000018000bd60 f i ClosedLoopSystem_PID_Exp_python_block_2_cgxe_registry.obj
 0001:0000ad70       _vsnprintf_l               000000018000bd70 f i ClosedLoopSystem_PID_Exp_python_block_2_cgxe_registry.obj
 0001:0000adf0       _vsprintf_l                000000018000bdf0 f i ClosedLoopSystem_PID_Exp_python_block_2_cgxe_registry.obj
 0001:0000ae40       sprintf                    000000018000be40 f i ClosedLoopSystem_PID_Exp_python_block_2_cgxe_registry.obj
 0001:0000ae8f       mxGetPr_800                000000018000be8f f   libmx:libmx.dll
 0001:0000ae95       mxSetCell_800              000000018000be95 f   libmx:libmx.dll
 0001:0000ae9b       mxSetFieldByNumber_800     000000018000be9b f   libmx:libmx.dll
 0001:0000aea1       mxCreateDoubleMatrix_800   000000018000bea1 f   libmx:libmx.dll
 0001:0000aea7       mxCreateString_800         000000018000bea7 f   libmx:libmx.dll
 0001:0000aead       mxCreateCellMatrix_800     000000018000bead f   libmx:libmx.dll
 0001:0000aeb3       mxCreateStructMatrix_800   000000018000beb3 f   libmx:libmx.dll
 0001:0000aeb9       mxCalloc_800               000000018000beb9 f   libmx:libmx.dll
 0001:0000aebf       mxGetM_800                 000000018000bebf f   libmx:libmx.dll
 0001:0000aec5       mxGetClassID_800           000000018000bec5 f   libmx:libmx.dll
 0001:0000aecb       mxGetData_800              000000018000becb f   libmx:libmx.dll
 0001:0000aed1       mxIsNumeric_800            000000018000bed1 f   libmx:libmx.dll
 0001:0000aed7       mxIsChar_800               000000018000bed7 f   libmx:libmx.dll
 0001:0000aedd       mxIsComplex_800            000000018000bedd f   libmx:libmx.dll
 0001:0000aee3       mxGetN_800                 000000018000bee3 f   libmx:libmx.dll
 0001:0000aee9       mxSetField_800             000000018000bee9 f   libmx:libmx.dll
 0001:0000aeef       mxCreateNumericMatrix_800  000000018000beef f   libmx:libmx.dll
 0001:0000aef5       mxCreateDoubleScalar_800   000000018000bef5 f   libmx:libmx.dll
 0001:0000aefb       mxGetString_800            000000018000befb f   libmx:libmx.dll
 0001:0000af01       mexWarnMsgTxt_800          000000018000bf01 f   libmex:libmex.dll
 0001:0000af07       mexPrintf_800              000000018000bf07 f   libmex:libmex.dll
 0001:0000af0d       mexCallMATLAB_800          000000018000bf0d f   libmex:libmex.dll
 0001:0000af13       mexUnlock_800              000000018000bf13 f   libmex:libmex.dll
 0001:0000af19       mexIsLocked_800            000000018000bf19 f   libmex:libmex.dll
 0001:0000af1f       cgxertGetInputPortSignal   000000018000bf1f f   libmwcgxert:libmwcgxert.dll
 0001:0000af25       cgxertGetOutputPortSignal  000000018000bf25 f   libmwcgxert:libmwcgxert.dll
 0001:0000af2b       cgxertSetSimStateCompliance 000000018000bf2b f   libmwcgxert:libmwcgxert.dll
 0001:0000af31       cgxertGetRuntimeInstance   000000018000bf31 f   libmwcgxert:libmwcgxert.dll
 0001:0000af37       cgxertSetRuntimeInstance   000000018000bf37 f   libmwcgxert:libmwcgxert.dll
 0001:0000af3d       cgxertGetEMLRTCtx          000000018000bf3d f   libmwcgxert:libmwcgxert.dll
 0001:0000af43       cgxertReportError          000000018000bf43 f   libmwcgxert:libmwcgxert.dll
 0001:0000af49       cgxertInitMLPythonIFace    000000018000bf49 f   libmwcgxert:libmwcgxert.dll
 0001:0000af4f       suToCStr                   000000018000bf4f f   libmwstringutil:libmwstringutil.dll
 0001:0000af55       suAddStackString           000000018000bf55 f   libmwstringutil:libmwstringutil.dll
 0001:0000af5b       suStringStackSize          000000018000bf5b f   libmwstringutil:libmwstringutil.dll
 0001:0000af61       suMoveReturnedStringsToTopOfCallerStack 000000018000bf61 f   libmwstringutil:libmwstringutil.dll
 0001:0000af67       PyType_IsSubtype           000000018000bf67 f   python312:python312.dll
 0001:0000af6d       PyObject_Str               000000018000bf6d f   python312:python312.dll
 0001:0000af73       Py_IncRef                  000000018000bf73 f   python312:python312.dll
 0001:0000af79       Py_DecRef                  000000018000bf79 f   python312:python312.dll
 0001:0000af7f       PyUnicode_FromString       000000018000bf7f f   python312:python312.dll
 0001:0000af85       PyUnicode_Join             000000018000bf85 f   python312:python312.dll
 0001:0000af8b       PyUnicode_AsUTF8           000000018000bf8b f   python312:python312.dll
 0001:0000af91       PyGILState_Ensure          000000018000bf91 f   python312:python312.dll
 0001:0000af97       PyGILState_Release         000000018000bf97 f   python312:python312.dll
 0001:0000af9d       PyErr_Clear                000000018000bf9d f   python312:python312.dll
 0001:0000afa3       PyErr_Fetch                000000018000bfa3 f   python312:python312.dll
 0001:0000afa9       PyErr_NormalizeException   000000018000bfa9 f   python312:python312.dll
 0001:0000afaf       PyBool_FromLong            000000018000bfaf f   python312:python312.dll
 0001:0000afb5       PyFloat_FromDouble         000000018000bfb5 f   python312:python312.dll
 0001:0000afbb       PyFloat_AsDouble           000000018000bfbb f   python312:python312.dll
 0001:0000afc1       PyList_Size                000000018000bfc1 f   python312:python312.dll
 0001:0000afc7       PyDict_GetItem             000000018000bfc7 f   python312:python312.dll
 0001:0000afcd       PyDict_DelItem             000000018000bfcd f   python312:python312.dll
 0001:0000afd3       PyDict_Keys                000000018000bfd3 f   python312:python312.dll
 0001:0000afd9       PyDict_Copy                000000018000bfd9 f   python312:python312.dll
 0001:0000afdf       PyDict_Contains            000000018000bfdf f   python312:python312.dll
 0001:0000afe5       PyDict_GetItemString       000000018000bfe5 f   python312:python312.dll
 0001:0000afeb       PyDict_SetItemString       000000018000bfeb f   python312:python312.dll
 0001:0000aff1       PyDict_DelItemString       000000018000bff1 f   python312:python312.dll
 0001:0000aff7       PyModule_GetDict           000000018000bff7 f   python312:python312.dll
 0001:0000affd       Py_CompileStringExFlags    000000018000bffd f   python312:python312.dll
 0001:0000b003       PyEval_EvalCode            000000018000c003 f   python312:python312.dll
 0001:0000b009       PyImport_AddModule         000000018000c009 f   python312:python312.dll
 0001:0000b00f       PyImport_ImportModule      000000018000c00f f   python312:python312.dll
 0001:0000b015       PyObject_CallMethod        000000018000c015 f   python312:python312.dll
 0001:0000b01b       PySequence_GetItem         000000018000c01b f   python312:python312.dll
 0001:0000b024       __raise_securityfailure    000000018000c024 f   MSVCRT:gs_report.obj
 0001:0000b058       __report_gsfailure         000000018000c058 f   MSVCRT:gs_report.obj
 0001:0000b12c       __report_rangecheckfailure 000000018000c12c f   MSVCRT:gs_report.obj
 0001:0000b140       __report_securityfailure   000000018000c140 f   MSVCRT:gs_report.obj
 0001:0000b1e0       __report_securityfailureEx 000000018000c1e0 f   MSVCRT:gs_report.obj
 0001:0000b3d4       __GSHandlerCheck           000000018000c3d4 f   MSVCRT:gshandler.obj
 0001:0000b3f4       __GSHandlerCheckCommon     000000018000c3f4 f   MSVCRT:gshandler.obj
 0001:0000b460       __security_check_cookie    000000018000c460 f   MSVCRT:amdsecgs.obj
 0001:0000b7ac       _CRT_INIT                  000000018000c7ac f   MSVCRT:dll_dllmain.obj
 0001:0000b7b4       _DllMainCRTStartup         000000018000c7b4 f   MSVCRT:dll_dllmain.obj
 0001:0000b860       __security_init_cookie     000000018000c860 f   MSVCRT:gs_support.obj
 0001:0000b90c       DllMain                    000000018000c90c f   MSVCRT:dll_dllmain_stub.obj
 0001:0000b930       ?__scrt_initialize_type_info@@YAXXZ 000000018000c930 f   MSVCRT:tncleanup.obj
 0001:0000b940       ?__scrt_uninitialize_type_info@@YAXXZ 000000018000c940 f   MSVCRT:tncleanup.obj
 0001:0000b94c       __local_stdio_scanf_options 000000018000c94c f i MSVCRT:default_local_stdio_options.obj
 0001:0000b954       __scrt_initialize_default_local_stdio_options 000000018000c954 f   MSVCRT:default_local_stdio_options.obj
 0001:0000b970       ?configure_argv@__scrt_narrow_argv_policy@@SAHXZ 000000018000c970 f i MSVCRT:utility.obj
 0001:0000b9d0       ?initialize_environment@__scrt_narrow_environment_policy@@SAHXZ 000000018000c9d0 f i MSVCRT:utility.obj
 0001:0000ba08       NtCurrentTeb               000000018000ca08 f i MSVCRT:utility.obj
 0001:0000ba14       __scrt_acquire_startup_lock 000000018000ca14 f   MSVCRT:utility.obj
 0001:0000ba50       __scrt_dllmain_after_initialize_c 000000018000ca50 f   MSVCRT:utility.obj
 0001:0000ba84       __scrt_dllmain_before_initialize_c 000000018000ca84 f   MSVCRT:utility.obj
 0001:0000ba9c       __scrt_dllmain_crt_thread_attach 000000018000ca9c f   MSVCRT:utility.obj
 0001:0000bac4       __scrt_dllmain_crt_thread_detach 000000018000cac4 f   MSVCRT:utility.obj
 0001:0000badc       __scrt_dllmain_exception_filter 000000018000cadc f   MSVCRT:utility.obj
 0001:0000bb3c       __scrt_dllmain_uninitialize_c 000000018000cb3c f   MSVCRT:utility.obj
 0001:0000bb6c       __scrt_dllmain_uninitialize_critical 000000018000cb6c f   MSVCRT:utility.obj
 0001:0000bb80       __scrt_initialize_crt      000000018000cb80 f   MSVCRT:utility.obj
 0001:0000bbbc       __scrt_initialize_onexit_tables 000000018000cbbc f   MSVCRT:utility.obj
 0001:0000bc48       __scrt_is_nonwritable_in_current_image 000000018000cc48 f   MSVCRT:utility.obj
 0001:0000bce0       __scrt_release_startup_lock 000000018000cce0 f   MSVCRT:utility.obj
 0001:0000bd04       __scrt_uninitialize_crt    000000018000cd04 f   MSVCRT:utility.obj
 0001:0000bd30       _onexit                    000000018000cd30 f   MSVCRT:utility.obj
 0001:0000bd6c       at_quick_exit              000000018000cd6c f   MSVCRT:utility.obj
 0001:0000bd8c       atexit                     000000018000cd8c f   MSVCRT:utility.obj
 0001:0000bda4       __scrt_get_dyn_tls_init_callback 000000018000cda4 f   MSVCRT:dyn_tls_init.obj
 0001:0000bdac       __crt_debugger_hook        000000018000cdac f   MSVCRT:utility_desktop.obj
 0001:0000bdb4       __scrt_fastfail            000000018000cdb4 f   MSVCRT:utility_desktop.obj
 0001:0000befc       __scrt_get_show_window_mode 000000018000cefc f   MSVCRT:utility_desktop.obj
 0001:0000bf38       __scrt_initialize_mta      000000018000cf38 f   MSVCRT:utility_desktop.obj
 0001:0000bf40       __scrt_initialize_winrt    000000018000cf40 f   MSVCRT:utility_desktop.obj
 0001:0000bf44       __scrt_is_managed_app      000000018000cf44 f   MSVCRT:utility_desktop.obj
 0001:0000bf98       __scrt_set_unhandled_exception_filter 000000018000cf98 f   MSVCRT:utility_desktop.obj
 0001:0000bfa8       __scrt_exe_initialize_mta  000000018000cfa8 f   MSVCRT:utility_desktop.obj
 0001:0000bfa8       __scrt_stub_for_initialize_mta 000000018000cfa8 f   MSVCRT:utility_desktop.obj
 0001:0000bfac       __scrt_unhandled_exception_filter 000000018000cfac f   MSVCRT:utility_desktop.obj
 0001:0000c008       _RTC_Initialize            000000018000d008 f   MSVCRT:initsect.obj
 0001:0000c044       _RTC_Terminate             000000018000d044 f   MSVCRT:initsect.obj
 0001:0000c080       _guard_check_icall_nop     000000018000d080 f i MSVCRT:guard_support.obj
 0001:0000c084       ReadNoFence64              000000018000d084 f i MSVCRT:guard_support.obj
 0001:0000c088       ReadPointerNoFence         000000018000d088 f i MSVCRT:guard_support.obj
 0001:0000c08c       __castguard_check_failure_debugbreak 000000018000d08c f i MSVCRT:guard_support.obj
 0001:0000c0a8       __castguard_check_failure_fastfail 000000018000d0a8 f i MSVCRT:guard_support.obj
 0001:0000c0cc       __castguard_check_failure_nop 000000018000d0cc f i MSVCRT:guard_support.obj
 0001:0000c0d0       __castguard_check_failure_os_handled 000000018000d0d0 f i MSVCRT:guard_support.obj
 0001:0000c11c       __castguard_check_failure_user_handled 000000018000d11c f i MSVCRT:guard_support.obj
 0001:0000c190       __castguard_set_user_handler 000000018000d190 f i MSVCRT:guard_support.obj
 0001:0000c19c       __castguard_slow_path_check_debugbreak 000000018000d19c f i MSVCRT:guard_support.obj
 0001:0000c1d0       __castguard_slow_path_check_fastfail 000000018000d1d0 f i MSVCRT:guard_support.obj
 0001:0000c20c       __castguard_slow_path_check_nop 000000018000d20c f i MSVCRT:guard_support.obj
 0001:0000c210       __castguard_slow_path_check_os_handled 000000018000d210 f i MSVCRT:guard_support.obj
 0001:0000c25c       __castguard_slow_path_check_user_handled 000000018000d25c f i MSVCRT:guard_support.obj
 0001:0000c2c8       _guard_icall_checks_enforced 000000018000d2c8 f i MSVCRT:guard_support.obj
 0001:0000c2e0       _guard_rf_checks_enforced  000000018000d2e0 f i MSVCRT:guard_support.obj
 0001:0000c2e4       __isa_available_init       000000018000d2e4 f   MSVCRT:cpu_disp.obj
 0001:0000c5b0       _get_startup_argv_mode     000000018000d5b0 f   MSVCRT:argv_mode.obj
 0001:0000c5b8       __scrt_is_ucrt_dll_in_use  000000018000d5b8 f   MSVCRT:ucrt_detection.obj
 0001:0000c5d0       RtlCaptureContext          000000018000d5d0 f   kernel32:KERNEL32.dll
 0001:0000c5d6       RtlLookupFunctionEntry     000000018000d5d6 f   kernel32:KERNEL32.dll
 0001:0000c5dc       RtlVirtualUnwind           000000018000d5dc f   kernel32:KERNEL32.dll
 0001:0000c5e2       UnhandledExceptionFilter   000000018000d5e2 f   kernel32:KERNEL32.dll
 0001:0000c5e8       SetUnhandledExceptionFilter 000000018000d5e8 f   kernel32:KERNEL32.dll
 0001:0000c5ee       GetCurrentProcess          000000018000d5ee f   kernel32:KERNEL32.dll
 0001:0000c5f4       TerminateProcess           000000018000d5f4 f   kernel32:KERNEL32.dll
 0001:0000c5fa       IsProcessorFeaturePresent  000000018000d5fa f   kernel32:KERNEL32.dll
 0001:0000c600       QueryPerformanceCounter    000000018000d600 f   kernel32:KERNEL32.dll
 0001:0000c606       GetCurrentProcessId        000000018000d606 f   kernel32:KERNEL32.dll
 0001:0000c60c       GetCurrentThreadId         000000018000d60c f   kernel32:KERNEL32.dll
 0001:0000c612       GetSystemTimeAsFileTime    000000018000d612 f   kernel32:KERNEL32.dll
 0001:0000c618       DisableThreadLibraryCalls  000000018000d618 f   kernel32:KERNEL32.dll
 0001:0000c61e       InitializeSListHead        000000018000d61e f   kernel32:KERNEL32.dll
 0001:0000c624       IsDebuggerPresent          000000018000d624 f   kernel32:KERNEL32.dll
 0001:0000c62a       GetStartupInfoW            000000018000d62a f   kernel32:KERNEL32.dll
 0001:0000c630       GetModuleHandleW           000000018000d630 f   kernel32:KERNEL32.dll
 0001:0000c636       memcpy                     000000018000d636 f   vcruntime:VCRUNTIME140.dll
 0001:0000c63c       __C_specific_handler       000000018000d63c f   vcruntime:VCRUNTIME140.dll
 0001:0000c642       __std_type_info_destroy_list 000000018000d642 f   vcruntime:VCRUNTIME140.dll
 0001:0000c648       __current_exception        000000018000d648 f   vcruntime:VCRUNTIME140.dll
 0001:0000c64e       __current_exception_context 000000018000d64e f   vcruntime:VCRUNTIME140.dll
 0001:0000c654       memset                     000000018000d654 f   vcruntime:VCRUNTIME140.dll
 0001:0000c65a       strlen                     000000018000d65a f   ucrt:api-ms-win-crt-string-l1-1-0.dll
 0001:0000c660       calloc                     000000018000d660 f   ucrt:api-ms-win-crt-heap-l1-1-0.dll
 0001:0000c666       free                       000000018000d666 f   ucrt:api-ms-win-crt-heap-l1-1-0.dll
 0001:0000c66c       strcmp                     000000018000d66c f   ucrt:api-ms-win-crt-string-l1-1-0.dll
 0001:0000c672       __stdio_common_vsprintf    000000018000d672 f   ucrt:api-ms-win-crt-stdio-l1-1-0.dll
 0001:0000c678       malloc                     000000018000d678 f   ucrt:api-ms-win-crt-heap-l1-1-0.dll
 0001:0000c67e       _initterm                  000000018000d67e f   ucrt:api-ms-win-crt-runtime-l1-1-0.dll
 0001:0000c684       _initterm_e                000000018000d684 f   ucrt:api-ms-win-crt-runtime-l1-1-0.dll
 0001:0000c68a       _seh_filter_dll            000000018000d68a f   ucrt:api-ms-win-crt-runtime-l1-1-0.dll
 0001:0000c690       _configure_narrow_argv     000000018000d690 f   ucrt:api-ms-win-crt-runtime-l1-1-0.dll
 0001:0000c696       _initialize_narrow_environment 000000018000d696 f   ucrt:api-ms-win-crt-runtime-l1-1-0.dll
 0001:0000c69c       _initialize_onexit_table   000000018000d69c f   ucrt:api-ms-win-crt-runtime-l1-1-0.dll
 0001:0000c6a2       _register_onexit_function  000000018000d6a2 f   ucrt:api-ms-win-crt-runtime-l1-1-0.dll
 0001:0000c6a8       _execute_onexit_table      000000018000d6a8 f   ucrt:api-ms-win-crt-runtime-l1-1-0.dll
 0001:0000c6ae       _crt_atexit                000000018000d6ae f   ucrt:api-ms-win-crt-runtime-l1-1-0.dll
 0001:0000c6b4       _crt_at_quick_exit         000000018000d6b4 f   ucrt:api-ms-win-crt-runtime-l1-1-0.dll
 0001:0000c6ba       _cexit                     000000018000d6ba f   ucrt:api-ms-win-crt-runtime-l1-1-0.dll
 0001:0000c6c0       terminate                  000000018000d6c0 f   ucrt:api-ms-win-crt-runtime-l1-1-0.dll
 0001:0000c6c8       __acrt_initialize          000000018000d6c8 f   MSVCRT:ucrt_stubs.obj
 0001:0000c6c8       __scrt_stub_for_acrt_initialize 000000018000d6c8 f   MSVCRT:ucrt_stubs.obj
 0001:0000c6c8       __vcrt_initialize          000000018000d6c8 f   MSVCRT:ucrt_stubs.obj
 0001:0000c6cc       __acrt_thread_attach       000000018000d6cc f   MSVCRT:ucrt_stubs.obj
 0001:0000c6cc       __scrt_stub_for_acrt_thread_attach 000000018000d6cc f   MSVCRT:ucrt_stubs.obj
 0001:0000c6cc       __vcrt_thread_attach       000000018000d6cc f   MSVCRT:ucrt_stubs.obj
 0001:0000c6d0       __acrt_thread_detach       000000018000d6d0 f   MSVCRT:ucrt_stubs.obj
 0001:0000c6d0       __scrt_stub_for_acrt_thread_detach 000000018000d6d0 f   MSVCRT:ucrt_stubs.obj
 0001:0000c6d0       __vcrt_thread_detach       000000018000d6d0 f   MSVCRT:ucrt_stubs.obj
 0001:0000c6d4       __acrt_uninitialize        000000018000d6d4 f   MSVCRT:ucrt_stubs.obj
 0001:0000c6d4       __scrt_stub_for_acrt_uninitialize 000000018000d6d4 f   MSVCRT:ucrt_stubs.obj
 0001:0000c6d4       __vcrt_uninitialize        000000018000d6d4 f   MSVCRT:ucrt_stubs.obj
 0001:0000c6d8       __acrt_uninitialize_critical 000000018000d6d8 f   MSVCRT:ucrt_stubs.obj
 0001:0000c6d8       __scrt_stub_for_acrt_uninitialize_critical 000000018000d6d8 f   MSVCRT:ucrt_stubs.obj
 0001:0000c6d8       __vcrt_uninitialize_critical 000000018000d6d8 f   MSVCRT:ucrt_stubs.obj
 0001:0000c6dc       __scrt_stub_for_is_c_termination_complete 000000018000d6dc f   MSVCRT:ucrt_stubs.obj
 0001:0000c6dc       _is_c_termination_complete 000000018000d6dc f   MSVCRT:ucrt_stubs.obj
 0001:0000c6f0       _guard_dispatch_icall_nop  000000018000d6f0 f   MSVCRT:guard_dispatch.obj
 0001:0000c710       _guard_xfg_dispatch_icall_nop 000000018000d710 f   MSVCRT:guard_xfg_dispatch.obj
 0002:00000000       __imp_DisableThreadLibraryCalls 000000018000e000     kernel32:KERNEL32.dll
 0002:00000008       __imp_GetSystemTimeAsFileTime 000000018000e008     kernel32:KERNEL32.dll
 0002:00000010       __imp_GetCurrentThreadId   000000018000e010     kernel32:KERNEL32.dll
 0002:00000018       __imp_GetCurrentProcessId  000000018000e018     kernel32:KERNEL32.dll
 0002:00000020       __imp_QueryPerformanceCounter 000000018000e020     kernel32:KERNEL32.dll
 0002:00000028       __imp_IsProcessorFeaturePresent 000000018000e028     kernel32:KERNEL32.dll
 0002:00000030       __imp_TerminateProcess     000000018000e030     kernel32:KERNEL32.dll
 0002:00000038       __imp_GetCurrentProcess    000000018000e038     kernel32:KERNEL32.dll
 0002:00000040       __imp_SetUnhandledExceptionFilter 000000018000e040     kernel32:KERNEL32.dll
 0002:00000048       __imp_UnhandledExceptionFilter 000000018000e048     kernel32:KERNEL32.dll
 0002:00000050       __imp_RtlVirtualUnwind     000000018000e050     kernel32:KERNEL32.dll
 0002:00000058       __imp_RtlLookupFunctionEntry 000000018000e058     kernel32:KERNEL32.dll
 0002:00000060       __imp_RtlCaptureContext    000000018000e060     kernel32:KERNEL32.dll
 0002:00000068       __imp_InitializeSListHead  000000018000e068     kernel32:KERNEL32.dll
 0002:00000070       __imp_IsDebuggerPresent    000000018000e070     kernel32:KERNEL32.dll
 0002:00000078       __imp_GetStartupInfoW      000000018000e078     kernel32:KERNEL32.dll
 0002:00000080       __imp_GetModuleHandleW     000000018000e080     kernel32:KERNEL32.dll
 0002:00000088       \177KERNEL32_NULL_THUNK_DATA 000000018000e088     kernel32:KERNEL32.dll
 0002:00000090       __imp_memcpy               000000018000e090     vcruntime:VCRUNTIME140.dll
 0002:00000098       __imp___C_specific_handler 000000018000e098     vcruntime:VCRUNTIME140.dll
 0002:000000a0       __imp___std_type_info_destroy_list 000000018000e0a0     vcruntime:VCRUNTIME140.dll
 0002:000000a8       __imp___current_exception  000000018000e0a8     vcruntime:VCRUNTIME140.dll
 0002:000000b0       __imp___current_exception_context 000000018000e0b0     vcruntime:VCRUNTIME140.dll
 0002:000000b8       __imp_memset               000000018000e0b8     vcruntime:VCRUNTIME140.dll
 0002:000000c0       \177VCRUNTIME140_NULL_THUNK_DATA 000000018000e0c0     vcruntime:VCRUNTIME140.dll
 0002:000000c8       __imp_free                 000000018000e0c8     ucrt:api-ms-win-crt-heap-l1-1-0.dll
 0002:000000d0       __imp_malloc               000000018000e0d0     ucrt:api-ms-win-crt-heap-l1-1-0.dll
 0002:000000d8       __imp_calloc               000000018000e0d8     ucrt:api-ms-win-crt-heap-l1-1-0.dll
 0002:000000e0       \177api-ms-win-crt-heap-l1-1-0_NULL_THUNK_DATA 000000018000e0e0     ucrt:api-ms-win-crt-heap-l1-1-0.dll
 0002:000000e8       __imp__initterm_e          000000018000e0e8     ucrt:api-ms-win-crt-runtime-l1-1-0.dll
 0002:000000f0       __imp__seh_filter_dll      000000018000e0f0     ucrt:api-ms-win-crt-runtime-l1-1-0.dll
 0002:000000f8       __imp__configure_narrow_argv 000000018000e0f8     ucrt:api-ms-win-crt-runtime-l1-1-0.dll
 0002:00000100       __imp__initterm            000000018000e100     ucrt:api-ms-win-crt-runtime-l1-1-0.dll
 0002:00000108       __imp__initialize_onexit_table 000000018000e108     ucrt:api-ms-win-crt-runtime-l1-1-0.dll
 0002:00000110       __imp__register_onexit_function 000000018000e110     ucrt:api-ms-win-crt-runtime-l1-1-0.dll
 0002:00000118       __imp__execute_onexit_table 000000018000e118     ucrt:api-ms-win-crt-runtime-l1-1-0.dll
 0002:00000120       __imp__crt_atexit          000000018000e120     ucrt:api-ms-win-crt-runtime-l1-1-0.dll
 0002:00000128       __imp__crt_at_quick_exit   000000018000e128     ucrt:api-ms-win-crt-runtime-l1-1-0.dll
 0002:00000130       __imp__cexit               000000018000e130     ucrt:api-ms-win-crt-runtime-l1-1-0.dll
 0002:00000138       __imp_terminate            000000018000e138     ucrt:api-ms-win-crt-runtime-l1-1-0.dll
 0002:00000140       __imp__initialize_narrow_environment 000000018000e140     ucrt:api-ms-win-crt-runtime-l1-1-0.dll
 0002:00000148       \177api-ms-win-crt-runtime-l1-1-0_NULL_THUNK_DATA 000000018000e148     ucrt:api-ms-win-crt-runtime-l1-1-0.dll
 0002:00000150       __imp___stdio_common_vsprintf 000000018000e150     ucrt:api-ms-win-crt-stdio-l1-1-0.dll
 0002:00000158       \177api-ms-win-crt-stdio-l1-1-0_NULL_THUNK_DATA 000000018000e158     ucrt:api-ms-win-crt-stdio-l1-1-0.dll
 0002:00000160       __imp_strcmp               000000018000e160     ucrt:api-ms-win-crt-string-l1-1-0.dll
 0002:00000168       __imp_strlen               000000018000e168     ucrt:api-ms-win-crt-string-l1-1-0.dll
 0002:00000170       \177api-ms-win-crt-string-l1-1-0_NULL_THUNK_DATA 000000018000e170     ucrt:api-ms-win-crt-string-l1-1-0.dll
 0002:00000178       __imp_mexCallMATLAB_800    000000018000e178     libmex:libmex.dll
 0002:00000180       __imp_mexUnlock_800        000000018000e180     libmex:libmex.dll
 0002:00000188       __imp_mexPrintf_800        000000018000e188     libmex:libmex.dll
 0002:00000190       __imp_mexWarnMsgTxt_800    000000018000e190     libmex:libmex.dll
 0002:00000198       __imp_mexIsLocked_800      000000018000e198     libmex:libmex.dll
 0002:000001a0       \177libmex_NULL_THUNK_DATA 000000018000e1a0     libmex:libmex.dll
 0002:000001a8       __imp_cgxertSetRuntimeInstance 000000018000e1a8     libmwcgxert:libmwcgxert.dll
 0002:000001b0       __imp_cgxertInitMLPythonIFace 000000018000e1b0     libmwcgxert:libmwcgxert.dll
 0002:000001b8       __imp_cgxertGetEMLRTCtx    000000018000e1b8     libmwcgxert:libmwcgxert.dll
 0002:000001c0       __imp_cgxertGetInputPortSignal 000000018000e1c0     libmwcgxert:libmwcgxert.dll
 0002:000001c8       __imp_cgxertSetSimStateCompliance 000000018000e1c8     libmwcgxert:libmwcgxert.dll
 0002:000001d0       __imp_cgxertGetRuntimeInstance 000000018000e1d0     libmwcgxert:libmwcgxert.dll
 0002:000001d8       __imp_cgxertReportError    000000018000e1d8     libmwcgxert:libmwcgxert.dll
 0002:000001e0       __imp_cgxertGetOutputPortSignal 000000018000e1e0     libmwcgxert:libmwcgxert.dll
 0002:000001e8       \177libmwcgxert_NULL_THUNK_DATA 000000018000e1e8     libmwcgxert:libmwcgxert.dll
 0002:000001f0       __imp_suMoveReturnedStringsToTopOfCallerStack 000000018000e1f0     libmwstringutil:libmwstringutil.dll
 0002:000001f8       __imp_suStringStackSize    000000018000e1f8     libmwstringutil:libmwstringutil.dll
 0002:00000200       __imp_suAddStackString     000000018000e200     libmwstringutil:libmwstringutil.dll
 0002:00000208       __imp_suToCStr             000000018000e208     libmwstringutil:libmwstringutil.dll
 0002:00000210       \177libmwstringutil_NULL_THUNK_DATA 000000018000e210     libmwstringutil:libmwstringutil.dll
 0002:00000218       __imp_mxGetString_800      000000018000e218     libmx:libmx.dll
 0002:00000220       __imp_mxCreateDoubleScalar_800 000000018000e220     libmx:libmx.dll
 0002:00000228       __imp_mxCreateNumericMatrix_800 000000018000e228     libmx:libmx.dll
 0002:00000230       __imp_mxSetField_800       000000018000e230     libmx:libmx.dll
 0002:00000238       __imp_mxGetN_800           000000018000e238     libmx:libmx.dll
 0002:00000240       __imp_mxIsComplex_800      000000018000e240     libmx:libmx.dll
 0002:00000248       __imp_mxIsChar_800         000000018000e248     libmx:libmx.dll
 0002:00000250       __imp_mxIsNumeric_800      000000018000e250     libmx:libmx.dll
 0002:00000258       __imp_mxGetData_800        000000018000e258     libmx:libmx.dll
 0002:00000260       __imp_mxGetClassID_800     000000018000e260     libmx:libmx.dll
 0002:00000268       __imp_mxGetM_800           000000018000e268     libmx:libmx.dll
 0002:00000270       __imp_mxCalloc_800         000000018000e270     libmx:libmx.dll
 0002:00000278       __imp_mxCreateStructMatrix_800 000000018000e278     libmx:libmx.dll
 0002:00000280       __imp_mxCreateCellMatrix_800 000000018000e280     libmx:libmx.dll
 0002:00000288       __imp_mxCreateString_800   000000018000e288     libmx:libmx.dll
 0002:00000290       __imp_mxCreateDoubleMatrix_800 000000018000e290     libmx:libmx.dll
 0002:00000298       __imp_mxSetFieldByNumber_800 000000018000e298     libmx:libmx.dll
 0002:000002a0       __imp_mxSetCell_800        000000018000e2a0     libmx:libmx.dll
 0002:000002a8       __imp_mxGetPr_800          000000018000e2a8     libmx:libmx.dll
 0002:000002b0       \177libmx_NULL_THUNK_DATA  000000018000e2b0     libmx:libmx.dll
 0002:000002b8       __imp_PyModule_Type        000000018000e2b8     python312:python312.dll
 0002:000002c0       __imp_PySequence_GetItem   000000018000e2c0     python312:python312.dll
 0002:000002c8       __imp_PyObject_CallMethod  000000018000e2c8     python312:python312.dll
 0002:000002d0       __imp_PyImport_ImportModule 000000018000e2d0     python312:python312.dll
 0002:000002d8       __imp_PyImport_AddModule   000000018000e2d8     python312:python312.dll
 0002:000002e0       __imp_PyEval_EvalCode      000000018000e2e0     python312:python312.dll
 0002:000002e8       __imp_Py_CompileStringExFlags 000000018000e2e8     python312:python312.dll
 0002:000002f0       __imp_PyModule_GetDict     000000018000e2f0     python312:python312.dll
 0002:000002f8       __imp_PyDict_DelItemString 000000018000e2f8     python312:python312.dll
 0002:00000300       __imp_PyDict_SetItemString 000000018000e300     python312:python312.dll
 0002:00000308       __imp_PyDict_GetItemString 000000018000e308     python312:python312.dll
 0002:00000310       __imp_PyDict_Copy          000000018000e310     python312:python312.dll
 0002:00000318       __imp_PyDict_Keys          000000018000e318     python312:python312.dll
 0002:00000320       __imp_PyDict_DelItem       000000018000e320     python312:python312.dll
 0002:00000328       __imp_PyDict_GetItem       000000018000e328     python312:python312.dll
 0002:00000330       __imp_PyList_Size          000000018000e330     python312:python312.dll
 0002:00000338       __imp_PyDict_Contains      000000018000e338     python312:python312.dll
 0002:00000340       __imp_PyFloat_FromDouble   000000018000e340     python312:python312.dll
 0002:00000348       __imp_PyBool_FromLong      000000018000e348     python312:python312.dll
 0002:00000350       __imp_PyErr_NormalizeException 000000018000e350     python312:python312.dll
 0002:00000358       __imp_PyErr_Fetch          000000018000e358     python312:python312.dll
 0002:00000360       __imp_PyErr_Clear          000000018000e360     python312:python312.dll
 0002:00000368       __imp_PyGILState_Release   000000018000e368     python312:python312.dll
 0002:00000370       __imp_PyGILState_Ensure    000000018000e370     python312:python312.dll
 0002:00000378       __imp_PyUnicode_AsUTF8     000000018000e378     python312:python312.dll
 0002:00000380       __imp_PyUnicode_Join       000000018000e380     python312:python312.dll
 0002:00000388       __imp_PyUnicode_FromString 000000018000e388     python312:python312.dll
 0002:00000390       __imp_Py_DecRef            000000018000e390     python312:python312.dll
 0002:00000398       __imp_Py_IncRef            000000018000e398     python312:python312.dll
 0002:000003a0       __imp_PyObject_Str         000000018000e3a0     python312:python312.dll
 0002:000003a8       __imp_PyType_IsSubtype     000000018000e3a8     python312:python312.dll
 0002:000003b0       __imp_PyFloat_AsDouble     000000018000e3b0     python312:python312.dll
 0002:000003b8       \177python312_NULL_THUNK_DATA 000000018000e3b8     python312:python312.dll
 0002:000003c0       __guard_check_icall_fptr   000000018000e3c0     MSVCRT:guard_support.obj
 0002:000003c8       __guard_xfg_check_icall_fptr 000000018000e3c8     MSVCRT:guard_support.obj
 0002:000003d0       __guard_dispatch_icall_fptr 000000018000e3d0     MSVCRT:guard_support.obj
 0002:000003d8       __guard_xfg_dispatch_icall_fptr 000000018000e3d8     MSVCRT:guard_support.obj
 0002:000003e0       __guard_xfg_table_dispatch_icall_fptr 000000018000e3e0     MSVCRT:guard_support.obj
 0002:000003e8       __castguard_check_failure_os_handled_fptr 000000018000e3e8     MSVCRT:guard_support.obj
 0002:000003f0       __guard_memcpy_fptr        000000018000e3f0     vcruntime:softmemtag.obj
 0002:000003f8       __xc_a                     000000018000e3f8     MSVCRT:initializers.obj
 0002:00000400       __xc_z                     000000018000e400     MSVCRT:initializers.obj
 0002:00000408       __xi_a                     000000018000e408     MSVCRT:initializers.obj
 0002:00000410       __xi_z                     000000018000e410     MSVCRT:initializers.obj
 0002:00000418       __xp_a                     000000018000e418     MSVCRT:initializers.obj
 0002:00000420       __xp_z                     000000018000e420     MSVCRT:initializers.obj
 0002:00000428       __xt_a                     000000018000e428     MSVCRT:initializers.obj
 0002:00000430       __xt_z                     000000018000e430     MSVCRT:initializers.obj
 0002:00000440       DYNAMIC_DIMENSION_DEF      000000018000e440     ClosedLoopSystem_PID_Exp_python_block_2_cgxe_registry.obj
 0002:00000458       __real@0000000000000000    000000018000e458     ClosedLoopSystem_PID_Exp_python_block_2_cgxe_registry.obj
 0002:00000460       __real@4010000000000000    000000018000e460     ClosedLoopSystem_PID_Exp_python_block_2_cgxe_registry.obj
 0002:00000468       __real@41602cbca0000000    000000018000e468     ClosedLoopSystem_PID_Exp_python_block_2_cgxe_registry.obj
 0002:00000470       __real@41b30f691f000000    000000018000e470     ClosedLoopSystem_PID_Exp_python_block_2_cgxe_registry.obj
 0002:00000478       __real@41be19dd01000000    000000018000e478     ClosedLoopSystem_PID_Exp_python_block_2_cgxe_registry.obj
 0002:00000480       __real@41cb212d93000000    000000018000e480     ClosedLoopSystem_PID_Exp_python_block_2_cgxe_registry.obj
 0002:00000488       __real@41dc67f553c00000    000000018000e488     ClosedLoopSystem_PID_Exp_python_block_2_cgxe_registry.obj
 0002:00000490       __real@41df6d7d29c00000    000000018000e490     ClosedLoopSystem_PID_Exp_python_block_2_cgxe_registry.obj
 0002:00000498       __real@41e09f6e78c00000    000000018000e498     ClosedLoopSystem_PID_Exp_python_block_2_cgxe_registry.obj
 0002:000004a0       __real@41e13401bfc00000    000000018000e4a0     ClosedLoopSystem_PID_Exp_python_block_2_cgxe_registry.obj
 0002:000004a8       __real@41e2069ed9a00000    000000018000e4a8     ClosedLoopSystem_PID_Exp_python_block_2_cgxe_registry.obj
 0002:000004b0       __real@41e21c51de200000    000000018000e4b0     ClosedLoopSystem_PID_Exp_python_block_2_cgxe_registry.obj
 0002:000004b8       __real@41e49c6af8600000    000000018000e4b8     ClosedLoopSystem_PID_Exp_python_block_2_cgxe_registry.obj
 0002:000004c0       __real@41e4ba2cdae00000    000000018000e4c0     ClosedLoopSystem_PID_Exp_python_block_2_cgxe_registry.obj
 0002:000004c8       __real@41e564f0a3200000    000000018000e4c8     ClosedLoopSystem_PID_Exp_python_block_2_cgxe_registry.obj
 0002:000004d0       __real@41e5b0b712600000    000000018000e4d0     ClosedLoopSystem_PID_Exp_python_block_2_cgxe_registry.obj
 0002:000004d8       __real@41e8d58bb7400000    000000018000e4d8     ClosedLoopSystem_PID_Exp_python_block_2_cgxe_registry.obj
 0002:000004e0       __real@41e8f19660e00000    000000018000e4e0     ClosedLoopSystem_PID_Exp_python_block_2_cgxe_registry.obj
 0002:000004e8       __real@41ee97923e400000    000000018000e4e8     ClosedLoopSystem_PID_Exp_python_block_2_cgxe_registry.obj
 0002:000004f0       __real@bff0000000000000    000000018000e4f0     ClosedLoopSystem_PID_Exp_python_block_2_cgxe_registry.obj
 0002:00000508       _pDefaultRawDllMain        000000018000e508     MSVCRT:dll_dllmain.obj
 0002:00000508       _pRawDllMain               000000018000e508     MSVCRT:dll_dllmain.obj
 0002:00000510       __xmm@ffffffffffffffffffffffffffffffff 000000018000e510     MSVCRT:utility.obj
 0002:00000520       _load_config_used          000000018000e520     MSVCRT:loadcfg.obj
 0002:00000680       __CastGuardVftablesStart   000000018000e680     MSVCRT:guard_support.obj
 0002:00000700       __CastGuardVftablesEnd     000000018000e700     MSVCRT:guard_support.obj
 0002:00000780       __volatile_metadata        000000018000e780     <linker-defined>
 0002:00000b18       __rtc_iaa                  000000018000eb18     MSVCRT:initsect.obj
 0002:00000b20       __rtc_izz                  000000018000eb20     MSVCRT:initsect.obj
 0002:00000b28       __rtc_taa                  000000018000eb28     MSVCRT:initsect.obj
 0002:00000b30       __rtc_tzz                  000000018000eb30     MSVCRT:initsect.obj
 0002:00001468       __IMPORT_DESCRIPTOR_libmx  000000018000f468     libmx:libmx.dll
 0002:0000147c       __IMPORT_DESCRIPTOR_libmex 000000018000f47c     libmex:libmex.dll
 0002:00001490       __IMPORT_DESCRIPTOR_libmwcgxert 000000018000f490     libmwcgxert:libmwcgxert.dll
 0002:000014a4       __IMPORT_DESCRIPTOR_libmwstringutil 000000018000f4a4     libmwstringutil:libmwstringutil.dll
 0002:000014b8       __IMPORT_DESCRIPTOR_python312 000000018000f4b8     python312:python312.dll
 0002:000014cc       __IMPORT_DESCRIPTOR_KERNEL32 000000018000f4cc     kernel32:KERNEL32.dll
 0002:000014e0       __IMPORT_DESCRIPTOR_VCRUNTIME140 000000018000f4e0     vcruntime:VCRUNTIME140.dll
 0002:000014f4       __IMPORT_DESCRIPTOR_api-ms-win-crt-string-l1-1-0 000000018000f4f4     ucrt:api-ms-win-crt-string-l1-1-0.dll
 0002:00001508       __IMPORT_DESCRIPTOR_api-ms-win-crt-heap-l1-1-0 000000018000f508     ucrt:api-ms-win-crt-heap-l1-1-0.dll
 0002:0000151c       __IMPORT_DESCRIPTOR_api-ms-win-crt-stdio-l1-1-0 000000018000f51c     ucrt:api-ms-win-crt-stdio-l1-1-0.dll
 0002:00001530       __IMPORT_DESCRIPTOR_api-ms-win-crt-runtime-l1-1-0 000000018000f530     ucrt:api-ms-win-crt-runtime-l1-1-0.dll
 0002:00001544       __NULL_IMPORT_DESCRIPTOR   000000018000f544     libmx:libmx.dll
 0003:00000380       DYNAMIC_DIMENSION          0000000180011380     ClosedLoopSystem_PID_Exp_python_block_2_cgxe_registry.obj
 0003:000026d0       _fltused                   00000001800136d0     MSVCRT:fltused.obj
 0003:00002700       __security_cookie          0000000180013700     MSVCRT:gs_cookie.obj
 0003:00002740       __security_cookie_complement 0000000180013740     MSVCRT:gs_cookie.obj
 0003:00002748       __scrt_native_dllmain_reason 0000000180013748     MSVCRT:utility.obj
 0003:00002750       __isa_inverted             0000000180013750     MSVCRT:cpu_disp.obj
 0003:00002758       __isa_available            0000000180013758     MSVCRT:cpu_disp.obj
 0003:0000275c       __isa_enabled              000000018001375c     MSVCRT:cpu_disp.obj
 0003:00002760       __memset_fast_string_threshold 0000000180013760     MSVCRT:cpu_disp.obj
 0003:00002768       __memset_nt_threshold      0000000180013768     MSVCRT:cpu_disp.obj
 0003:00002770       __scrt_ucrt_dll_is_in_use  0000000180013770     MSVCRT:ucrt_stubs.obj
 0003:00002d10       ?__type_info_root_node@@3U__type_info_node@@A 0000000180013d10     MSVCRT:tncleanup.obj
 0003:00002d20       ?_OptionsStorage@?1??__local_stdio_printf_options@@9@4_KA 0000000180013d20     MSVCRT:default_local_stdio_options.obj
 0003:00002d28       ?_OptionsStorage@?1??__local_stdio_scanf_options@@9@4_KA 0000000180013d28     MSVCRT:default_local_stdio_options.obj
 0003:00002d30       __scrt_current_native_startup_state 0000000180013d30     MSVCRT:utility.obj
 0003:00002d38       __scrt_native_startup_lock 0000000180013d38     MSVCRT:utility.obj
 0003:00002d78       __scrt_debugger_hook_flag  0000000180013d78     MSVCRT:utility_desktop.obj
 0003:00002d80       __castguard_check_failure_user_handled_fptr 0000000180013d80     MSVCRT:guard_support.obj
 0003:00002d88       __avx10_version            0000000180013d88     MSVCRT:cpu_disp.obj
 0003:00002d8c       __favor                    0000000180013d8c     MSVCRT:cpu_disp.obj
 0003:00002d90       ?_OptionsStorage@?1??__local_stdio_printf_options@@9@9 0000000180013d90     <common>
 0003:00002d98       __dyn_tls_init_callback    0000000180013d98     <common>

 entry point at        0001:0000b7b4

 Static symbols

 0000:00000000       .debug$S                   0000000180000000     ClosedLoopSystem_PID_Exp_python_block_2_cgxe.exp
 0000:00000000       _volmd                     0000000180000000     ClosedLoopSystem_PID_Exp_python_block_2_cgxe_registry.obj
 0000:00000000       .debug$S                   0000000180000000     ucrt:api-ms-win-crt-heap-l1-1-0.dll
 0000:00000000       .debug$S                   0000000180000000     ucrt:api-ms-win-crt-heap-l1-1-0.dll
 0000:00000000       .debug$S                   0000000180000000     ucrt:api-ms-win-crt-heap-l1-1-0.dll
 0000:00000000       .debug$S                   0000000180000000     ucrt:api-ms-win-crt-runtime-l1-1-0.dll
 0000:00000000       .debug$S                   0000000180000000     ucrt:api-ms-win-crt-runtime-l1-1-0.dll
 0000:00000000       .debug$S                   0000000180000000     ucrt:api-ms-win-crt-runtime-l1-1-0.dll
 0000:00000000       .debug$S                   0000000180000000     ucrt:api-ms-win-crt-runtime-l1-1-0.dll
 0000:00000000       .debug$S                   0000000180000000     ucrt:api-ms-win-crt-runtime-l1-1-0.dll
 0000:00000000       .debug$S                   0000000180000000     ucrt:api-ms-win-crt-runtime-l1-1-0.dll
 0000:00000000       .debug$S                   0000000180000000     ucrt:api-ms-win-crt-runtime-l1-1-0.dll
 0000:00000000       .debug$S                   0000000180000000     ucrt:api-ms-win-crt-runtime-l1-1-0.dll
 0000:00000000       .debug$S                   0000000180000000     ucrt:api-ms-win-crt-runtime-l1-1-0.dll
 0000:00000000       .debug$S                   0000000180000000     ucrt:api-ms-win-crt-runtime-l1-1-0.dll
 0000:00000000       .debug$S                   0000000180000000     ucrt:api-ms-win-crt-runtime-l1-1-0.dll
 0000:00000000       .debug$S                   0000000180000000     ucrt:api-ms-win-crt-runtime-l1-1-0.dll
 0000:00000000       .debug$S                   0000000180000000     ucrt:api-ms-win-crt-stdio-l1-1-0.dll
 0000:00000000       .debug$S                   0000000180000000     ucrt:api-ms-win-crt-string-l1-1-0.dll
 0000:00000000       .debug$S                   0000000180000000     ucrt:api-ms-win-crt-string-l1-1-0.dll
 0000:00000000       .debug$S                   0000000180000000     kernel32:KERNEL32.dll
 0000:00000000       .debug$S                   0000000180000000     kernel32:KERNEL32.dll
 0000:00000000       .debug$S                   0000000180000000     kernel32:KERNEL32.dll
 0000:00000000       .debug$S                   0000000180000000     kernel32:KERNEL32.dll
 0000:00000000       .debug$S                   0000000180000000     kernel32:KERNEL32.dll
 0000:00000000       .debug$S                   0000000180000000     kernel32:KERNEL32.dll
 0000:00000000       .debug$S                   0000000180000000     kernel32:KERNEL32.dll
 0000:00000000       .debug$S                   0000000180000000     kernel32:KERNEL32.dll
 0000:00000000       .debug$S                   0000000180000000     kernel32:KERNEL32.dll
 0000:00000000       .debug$S                   0000000180000000     kernel32:KERNEL32.dll
 0000:00000000       .debug$S                   0000000180000000     kernel32:KERNEL32.dll
 0000:00000000       .debug$S                   0000000180000000     kernel32:KERNEL32.dll
 0000:00000000       .debug$S                   0000000180000000     kernel32:KERNEL32.dll
 0000:00000000       .debug$S                   0000000180000000     kernel32:KERNEL32.dll
 0000:00000000       .debug$S                   0000000180000000     kernel32:KERNEL32.dll
 0000:00000000       .debug$S                   0000000180000000     kernel32:KERNEL32.dll
 0000:00000000       .debug$S                   0000000180000000     kernel32:KERNEL32.dll
 0000:00000000       .debug$S                   0000000180000000     libmex:libmex.dll
 0000:00000000       .debug$S                   0000000180000000     libmex:libmex.dll
 0000:00000000       .debug$S                   0000000180000000     libmex:libmex.dll
 0000:00000000       .debug$S                   0000000180000000     libmex:libmex.dll
 0000:00000000       .debug$S                   0000000180000000     libmex:libmex.dll
 0000:00000000       .debug$S                   0000000180000000     libmwcgxert:libmwcgxert.dll
 0000:00000000       .debug$S                   0000000180000000     libmwcgxert:libmwcgxert.dll
 0000:00000000       .debug$S                   0000000180000000     libmwcgxert:libmwcgxert.dll
 0000:00000000       .debug$S                   0000000180000000     libmwcgxert:libmwcgxert.dll
 0000:00000000       .debug$S                   0000000180000000     libmwcgxert:libmwcgxert.dll
 0000:00000000       .debug$S                   0000000180000000     libmwcgxert:libmwcgxert.dll
 0000:00000000       .debug$S                   0000000180000000     libmwcgxert:libmwcgxert.dll
 0000:00000000       .debug$S                   0000000180000000     libmwcgxert:libmwcgxert.dll
 0000:00000000       .debug$S                   0000000180000000     libmwstringutil:libmwstringutil.dll
 0000:00000000       .debug$S                   0000000180000000     libmwstringutil:libmwstringutil.dll
 0000:00000000       .debug$S                   0000000180000000     libmwstringutil:libmwstringutil.dll
 0000:00000000       .debug$S                   0000000180000000     libmwstringutil:libmwstringutil.dll
 0000:00000000       .debug$S                   0000000180000000     libmx:libmx.dll
 0000:00000000       .debug$S                   0000000180000000     libmx:libmx.dll
 0000:00000000       .debug$S                   0000000180000000     libmx:libmx.dll
 0000:00000000       .debug$S                   0000000180000000     libmx:libmx.dll
 0000:00000000       .debug$S                   0000000180000000     libmx:libmx.dll
 0000:00000000       .debug$S                   0000000180000000     libmx:libmx.dll
 0000:00000000       .debug$S                   0000000180000000     libmx:libmx.dll
 0000:00000000       .debug$S                   0000000180000000     libmx:libmx.dll
 0000:00000000       .debug$S                   0000000180000000     libmx:libmx.dll
 0000:00000000       .debug$S                   0000000180000000     libmx:libmx.dll
 0000:00000000       .debug$S                   0000000180000000     libmx:libmx.dll
 0000:00000000       .debug$S                   0000000180000000     libmx:libmx.dll
 0000:00000000       .debug$S                   0000000180000000     libmx:libmx.dll
 0000:00000000       .debug$S                   0000000180000000     libmx:libmx.dll
 0000:00000000       .debug$S                   0000000180000000     libmx:libmx.dll
 0000:00000000       .debug$S                   0000000180000000     libmx:libmx.dll
 0000:00000000       .debug$S                   0000000180000000     libmx:libmx.dll
 0000:00000000       .debug$S                   0000000180000000     libmx:libmx.dll
 0000:00000000       .debug$S                   0000000180000000     libmx:libmx.dll
 0000:00000000       _volmd                     0000000180000000     MSVCRT:cpu_disp.obj
 0002:ffff2000       __guard_ehcont_?dllmain_dispatch@@YAHQEAUHINSTANCE__@@KQEAX@Z 0000000180000000     MSVCRT:dll_dllmain.obj
 0002:ffff2000       __guard_fids_?dllmain_dispatch@@YAHQEAUHINSTANCE__@@KQEAX@Z 0000000180000000     MSVCRT:dll_dllmain.obj
 0000:00000000       _volmd                     0000000180000000     MSVCRT:gs_report.obj
 0000:00000000       _volmd                     0000000180000000     MSVCRT:gs_report.obj
 0000:00000000       _volmd                     0000000180000000     MSVCRT:gs_report.obj
 0002:ffff2000       __guard_fids__             0000000180000000     MSVCRT:guard_support.obj
 0002:ffff2000       __guard_fids__             0000000180000000     MSVCRT:guard_support.obj
 0002:ffff2000       __guard_fids__guard_icall_checks_enforced 0000000180000000     MSVCRT:guard_support.obj
 0000:00000000       _volmd                     0000000180000000     MSVCRT:guard_support.obj
 0000:00000000       _volmd                     0000000180000000     MSVCRT:guard_support.obj
 0000:00000000       _volmd                     0000000180000000     MSVCRT:guard_support.obj
 0000:00000000       _volmd                     0000000180000000     MSVCRT:guard_support.obj
 0000:00000000       _volmd                     0000000180000000     MSVCRT:guard_support.obj
 0000:00000000       _volmd                     0000000180000000     MSVCRT:guard_support.obj
 0000:00000000       _volmd                     0000000180000000     MSVCRT:guard_support.obj
 0000:00000000       _volmd                     0000000180000000     MSVCRT:guard_support.obj
 0000:00000000       _volmd                     0000000180000000     MSVCRT:guard_support.obj
 0000:00000000       _volmd                     0000000180000000     MSVCRT:guard_support.obj
 0002:ffff2000       __guard_ehcont___scrt_is_nonwritable_in_current_image 0000000180000000     MSVCRT:utility.obj
 0000:00000000       _volmd                     0000000180000000     MSVCRT:utility.obj
 0000:00000000       _volmd                     0000000180000000     MSVCRT:utility.obj
 0000:00000000       _volmd                     0000000180000000     MSVCRT:utility.obj
 0002:ffff2000       __guard_fids___scrt_set_unhandled_exception_filter 0000000180000000     MSVCRT:utility_desktop.obj
 0000:00000000       _volmd                     0000000180000000     MSVCRT:utility_desktop.obj
 0002:ffff2000       __guard_fids__             0000000180000000     vcruntime:softmemtag.obj
 0000:00000000       .debug$S                   0000000180000000     vcruntime:VCRUNTIME140.dll
 0000:00000000       .debug$S                   0000000180000000     vcruntime:VCRUNTIME140.dll
 0000:00000000       .debug$S                   0000000180000000     vcruntime:VCRUNTIME140.dll
 0000:00000000       .debug$S                   0000000180000000     vcruntime:VCRUNTIME140.dll
 0000:00000000       .debug$S                   0000000180000000     vcruntime:VCRUNTIME140.dll
 0000:00000000       .debug$S                   0000000180000000     vcruntime:VCRUNTIME140.dll
 0000:00000000       .debug$S                   0000000180000000     python312:python312.dll
 0000:00000000       .debug$S                   0000000180000000     python312:python312.dll
 0000:00000000       .debug$S                   0000000180000000     python312:python312.dll
 0000:00000000       .debug$S                   0000000180000000     python312:python312.dll
 0000:00000000       .debug$S                   0000000180000000     python312:python312.dll
 0000:00000000       .debug$S                   0000000180000000     python312:python312.dll
 0000:00000000       .debug$S                   0000000180000000     python312:python312.dll
 0000:00000000       .debug$S                   0000000180000000     python312:python312.dll
 0000:00000000       .debug$S                   0000000180000000     python312:python312.dll
 0000:00000000       .debug$S                   0000000180000000     python312:python312.dll
 0000:00000000       .debug$S                   0000000180000000     python312:python312.dll
 0000:00000000       .debug$S                   0000000180000000     python312:python312.dll
 0000:00000000       .debug$S                   0000000180000000     python312:python312.dll
 0000:00000000       .debug$S                   0000000180000000     python312:python312.dll
 0000:00000000       .debug$S                   0000000180000000     python312:python312.dll
 0000:00000000       .debug$S                   0000000180000000     python312:python312.dll
 0000:00000000       .debug$S                   0000000180000000     python312:python312.dll
 0000:00000000       .debug$S                   0000000180000000     python312:python312.dll
 0000:00000000       .debug$S                   0000000180000000     python312:python312.dll
 0000:00000000       .debug$S                   0000000180000000     python312:python312.dll
 0000:00000000       .debug$S                   0000000180000000     python312:python312.dll
 0000:00000000       .debug$S                   0000000180000000     python312:python312.dll
 0000:00000000       .debug$S                   0000000180000000     python312:python312.dll
 0000:00000000       .debug$S                   0000000180000000     python312:python312.dll
 0000:00000000       .debug$S                   0000000180000000     python312:python312.dll
 0000:00000000       .debug$S                   0000000180000000     python312:python312.dll
 0000:00000000       .debug$S                   0000000180000000     python312:python312.dll
 0000:00000000       .debug$S                   0000000180000000     python312:python312.dll
 0000:00000000       .debug$S                   0000000180000000     python312:python312.dll
 0000:00000000       .debug$S                   0000000180000000     python312:python312.dll
 0000:00000000       .debug$S                   0000000180000000     python312:python312.dll
 0000:00000000       .debug$S                   0000000180000000     python312:python312.dll
 0000:00000010       _volmd                     0000000180000010     ClosedLoopSystem_PID_Exp_python_block_2_cgxe_registry.obj
 0000:00000020       _volmd                     0000000180000020     ClosedLoopSystem_PID_Exp_python_block_2_cgxe_registry.obj
 0000:00000030       _volmd                     0000000180000030     ClosedLoopSystem_PID_Exp_python_block_2_cgxe_registry.obj
 0000:00000040       _volmd                     0000000180000040     ClosedLoopSystem_PID_Exp_python_block_2_cgxe_registry.obj
 0000:00000050       _volmd                     0000000180000050     ClosedLoopSystem_PID_Exp_python_block_2_cgxe_registry.obj
 0000:00000060       _volmd                     0000000180000060     ClosedLoopSystem_PID_Exp_python_block_2_cgxe_registry.obj
 0000:00000070       _volmd                     0000000180000070     ClosedLoopSystem_PID_Exp_python_block_2_cgxe_registry.obj
 0000:00000080       _volmd                     0000000180000080     ClosedLoopSystem_PID_Exp_python_block_2_cgxe_registry.obj
 0000:00000090       _volmd                     0000000180000090     ClosedLoopSystem_PID_Exp_python_block_2_cgxe_registry.obj
 0000:000000a0       _volmd                     00000001800000a0     ClosedLoopSystem_PID_Exp_python_block_2_cgxe_registry.obj
 0000:000000b0       _volmd                     00000001800000b0     ClosedLoopSystem_PID_Exp_python_block_2_cgxe_registry.obj
 0000:000000c0       _volmd                     00000001800000c0     ClosedLoopSystem_PID_Exp_python_block_2_cgxe_registry.obj
 0000:000000d0       _volmd                     00000001800000d0     ClosedLoopSystem_PID_Exp_python_block_2_cgxe_registry.obj
 0000:000000e0       _volmd                     00000001800000e0     ClosedLoopSystem_PID_Exp_python_block_2_cgxe_registry.obj
 0001:000000d0       Py_TYPE                    00000001800010d0 f   m_uZdi31gtSmAfYTvQm3xAoF.obj
 0001:000000f0       Py_IS_TYPE                 00000001800010f0 f   m_uZdi31gtSmAfYTvQm3xAoF.obj
 0001:00000130       PyObject_TypeCheck         0000000180001130 f   m_uZdi31gtSmAfYTvQm3xAoF.obj
 0001:000001e0       cgxe_mdl_start             00000001800011e0 f   m_uZdi31gtSmAfYTvQm3xAoF.obj
 0001:00000220       cgxe_mdl_initialize        0000000180001220 f   m_uZdi31gtSmAfYTvQm3xAoF.obj
 0001:000004f0       cgxe_mdl_outputs           00000001800014f0 f   m_uZdi31gtSmAfYTvQm3xAoF.obj
 0001:00000830       cgxe_mdl_update            0000000180001830 f   m_uZdi31gtSmAfYTvQm3xAoF.obj
 0001:00000840       cgxe_mdl_derivative        0000000180001840 f   m_uZdi31gtSmAfYTvQm3xAoF.obj
 0001:00000850       cgxe_mdl_enable            0000000180001850 f   m_uZdi31gtSmAfYTvQm3xAoF.obj
 0001:00000860       cgxe_mdl_disable           0000000180001860 f   m_uZdi31gtSmAfYTvQm3xAoF.obj
 0001:00000870       cgxe_mdl_terminate         0000000180001870 f   m_uZdi31gtSmAfYTvQm3xAoF.obj
 0001:00000900       CheckPythonError           0000000180001900 f   m_uZdi31gtSmAfYTvQm3xAoF.obj
 0001:00000c10       PyObj_marshalIn            0000000180001c10 f   m_uZdi31gtSmAfYTvQm3xAoF.obj
 0001:00000c90       getPyNamespaceDict         0000000180001c90 f   m_uZdi31gtSmAfYTvQm3xAoF.obj
 0001:00000cc0       assignToPyDict             0000000180001cc0 f   m_uZdi31gtSmAfYTvQm3xAoF.obj
 0001:00000d30       b_assignToPyDict           0000000180001d30 f   m_uZdi31gtSmAfYTvQm3xAoF.obj
 0001:00000da0       c_assignToPyDict           0000000180001da0 f   m_uZdi31gtSmAfYTvQm3xAoF.obj
 0001:00000e10       d_assignToPyDict           0000000180001e10 f   m_uZdi31gtSmAfYTvQm3xAoF.obj
 0001:00000e80       e_assignToPyDict           0000000180001e80 f   m_uZdi31gtSmAfYTvQm3xAoF.obj
 0001:00000ef0       f_assignToPyDict           0000000180001ef0 f   m_uZdi31gtSmAfYTvQm3xAoF.obj
 0001:00000f60       execPyScript               0000000180001f60 f   m_uZdi31gtSmAfYTvQm3xAoF.obj
 0001:00001150       getPyDictVal               0000000180002150 f   m_uZdi31gtSmAfYTvQm3xAoF.obj
 0001:000011b0       b_getPyDictVal             00000001800021b0 f   m_uZdi31gtSmAfYTvQm3xAoF.obj
 0001:00001210       c_getPyDictVal             0000000180002210 f   m_uZdi31gtSmAfYTvQm3xAoF.obj
 0001:00001270       d_getPyDictVal             0000000180002270 f   m_uZdi31gtSmAfYTvQm3xAoF.obj
 0001:000012d0       e_getPyDictVal             00000001800022d0 f   m_uZdi31gtSmAfYTvQm3xAoF.obj
 0001:00001330       f_getPyDictVal             0000000180002330 f   m_uZdi31gtSmAfYTvQm3xAoF.obj
 0001:00001390       g_assignToPyDict           0000000180002390 f   m_uZdi31gtSmAfYTvQm3xAoF.obj
 0001:00001400       h_assignToPyDict           0000000180002400 f   m_uZdi31gtSmAfYTvQm3xAoF.obj
 0001:00001460       i_assignToPyDict           0000000180002460 f   m_uZdi31gtSmAfYTvQm3xAoF.obj
 0001:000014d0       j_assignToPyDict           00000001800024d0 f   m_uZdi31gtSmAfYTvQm3xAoF.obj
 0001:00001540       k_assignToPyDict           0000000180002540 f   m_uZdi31gtSmAfYTvQm3xAoF.obj
 0001:000015b0       l_assignToPyDict           00000001800025b0 f   m_uZdi31gtSmAfYTvQm3xAoF.obj
 0001:00001620       m_assignToPyDict           0000000180002620 f   m_uZdi31gtSmAfYTvQm3xAoF.obj
 0001:00001690       n_assignToPyDict           0000000180002690 f   m_uZdi31gtSmAfYTvQm3xAoF.obj
 0001:00001700       b_execPyScript             0000000180002700 f   m_uZdi31gtSmAfYTvQm3xAoF.obj
 0001:000018f0       g_getPyDictVal             00000001800028f0 f   m_uZdi31gtSmAfYTvQm3xAoF.obj
 0001:00001950       h_getPyDictVal             0000000180002950 f   m_uZdi31gtSmAfYTvQm3xAoF.obj
 0001:000019b0       i_getPyDictVal             00000001800029b0 f   m_uZdi31gtSmAfYTvQm3xAoF.obj
 0001:00001a10       j_getPyDictVal             0000000180002a10 f   m_uZdi31gtSmAfYTvQm3xAoF.obj
 0001:00001a70       k_getPyDictVal             0000000180002a70 f   m_uZdi31gtSmAfYTvQm3xAoF.obj
 0001:00001ad0       l_getPyDictVal             0000000180002ad0 f   m_uZdi31gtSmAfYTvQm3xAoF.obj
 0001:00001b30       deleteDictItem             0000000180002b30 f   m_uZdi31gtSmAfYTvQm3xAoF.obj
 0001:00001b70       b_deleteDictItem           0000000180002b70 f   m_uZdi31gtSmAfYTvQm3xAoF.obj
 0001:00001bb0       c_execPyScript             0000000180002bb0 f   m_uZdi31gtSmAfYTvQm3xAoF.obj
 0001:00001cb0       init_simulink_io_address   0000000180002cb0 f   m_uZdi31gtSmAfYTvQm3xAoF.obj
 0001:00001db0       mdlOutputs_uZdi31gtSmAfYTvQm3xAoF 0000000180002db0 f   m_uZdi31gtSmAfYTvQm3xAoF.obj
 0001:00001df0       mdlInitialize_uZdi31gtSmAfYTvQm3xAoF 0000000180002df0 f   m_uZdi31gtSmAfYTvQm3xAoF.obj
 0001:00001e20       mdlUpdate_uZdi31gtSmAfYTvQm3xAoF 0000000180002e20 f   m_uZdi31gtSmAfYTvQm3xAoF.obj
 0001:00001e60       mdlDerivatives_uZdi31gtSmAfYTvQm3xAoF 0000000180002e60 f   m_uZdi31gtSmAfYTvQm3xAoF.obj
 0001:00001e90       mdlTerminate_uZdi31gtSmAfYTvQm3xAoF 0000000180002e90 f   m_uZdi31gtSmAfYTvQm3xAoF.obj
 0001:00001ed0       mdlEnable_uZdi31gtSmAfYTvQm3xAoF 0000000180002ed0 f   m_uZdi31gtSmAfYTvQm3xAoF.obj
 0001:00001f00       mdlDisable_uZdi31gtSmAfYTvQm3xAoF 0000000180002f00 f   m_uZdi31gtSmAfYTvQm3xAoF.obj
 0001:00001f30       mdlStart_uZdi31gtSmAfYTvQm3xAoF 0000000180002f30 f   m_uZdi31gtSmAfYTvQm3xAoF.obj
 0001:00002040       mdlProcessParameters_uZdi31gtSmAfYTvQm3xAoF 0000000180003040 f   m_uZdi31gtSmAfYTvQm3xAoF.obj
 0001:00003f88       $LN147                     0000000180004f88     ClosedLoopSystem_PID_Exp_python_block_2_cgxe_registry.obj
 0001:00004df4       $LN22                      0000000180005df4     ClosedLoopSystem_PID_Exp_python_block_2_cgxe_registry.obj
 0001:000054f4       $LN26                      00000001800064f4     ClosedLoopSystem_PID_Exp_python_block_2_cgxe_registry.obj
 0001:00005bd4       $LN24                      0000000180006bd4     ClosedLoopSystem_PID_Exp_python_block_2_cgxe_registry.obj
 0001:0000690c       $LN30                      000000018000790c     ClosedLoopSystem_PID_Exp_python_block_2_cgxe_registry.obj
 0001:000092f0       mdlStart                   000000018000a2f0 f   ClosedLoopSystem_PID_Exp_python_block_2_cgxe_registry.obj
 0001:00009330       mdlInitializeConditions    000000018000a330 f   ClosedLoopSystem_PID_Exp_python_block_2_cgxe_registry.obj
 0001:00009360       mdlUpdate                  000000018000a360 f   ClosedLoopSystem_PID_Exp_python_block_2_cgxe_registry.obj
 0001:00009390       mdlOutputs                 000000018000a390 f   ClosedLoopSystem_PID_Exp_python_block_2_cgxe_registry.obj
 0001:000093c0       mdlTerminate               000000018000a3c0 f   ClosedLoopSystem_PID_Exp_python_block_2_cgxe_registry.obj
 0001:000093f0       mdlInitializeSizes         000000018000a3f0 f   ClosedLoopSystem_PID_Exp_python_block_2_cgxe_registry.obj
 0001:00009400       mdlInitializeSampleTimes   000000018000a400 f   ClosedLoopSystem_PID_Exp_python_block_2_cgxe_registry.obj
 0001:00009410       cgxe_get_supported_modules 000000018000a410 f   ClosedLoopSystem_PID_Exp_python_block_2_cgxe_registry.obj
 0001:000094e0       cgxe_process_get_checksums 000000018000a4e0 f   ClosedLoopSystem_PID_Exp_python_block_2_cgxe_registry.obj
 0001:00009880       cgxe_mex_unlock_call       000000018000a880 f   ClosedLoopSystem_PID_Exp_python_block_2_cgxe_registry.obj
 0001:000098c0       cgxe_unpack_simstruct      000000018000a8c0 f   ClosedLoopSystem_PID_Exp_python_block_2_cgxe_registry.obj
 0001:00009960       cgxe_get_sim_state         000000018000a960 f   ClosedLoopSystem_PID_Exp_python_block_2_cgxe_registry.obj
 0001:000099d0       cgxe_set_sim_state         000000018000a9d0 f   ClosedLoopSystem_PID_Exp_python_block_2_cgxe_registry.obj
 0001:00009a50       cgxe_get_BuildInfoUpdate   000000018000aa50 f   ClosedLoopSystem_PID_Exp_python_block_2_cgxe_registry.obj
 0001:00009b20       cgxe_get_fallback_info     000000018000ab20 f   ClosedLoopSystem_PID_Exp_python_block_2_cgxe_registry.obj
 0001:00009bf0       ProcessMexSfunctionCmdLineCall 000000018000abf0 f   ClosedLoopSystem_PID_Exp_python_block_2_cgxe_registry.obj
[...]
 0003:00000560       $SG26130                   0000000180011560     ClosedLoopSystem_PID_Exp_python_block_2_cgxe_registry.obj
 0003:00000578       $SG26144                   0000000180011578     ClosedLoopSystem_PID_Exp_python_block_2_cgxe_registry.obj
 0003:00000590       $SG26158                   0000000180011590     ClosedLoopSystem_PID_Exp_python_block_2_cgxe_registry.obj
 0003:000005a0       $SG26160                   00000001800115a0     ClosedLoopSystem_PID_Exp_python_block_2_cgxe_registry.obj
 0003:000005b0       $SG26162                   00000001800115b0     ClosedLoopSystem_PID_Exp_python_block_2_cgxe_registry.obj
 0003:000005c0       $SG26164                   00000001800115c0     ClosedLoopSystem_PID_Exp_python_block_2_cgxe_registry.obj
 0003:000005d0       $SG26166                   00000001800115d0     ClosedLoopSystem_PID_Exp_python_block_2_cgxe_registry.obj
 0003:000005e8       $SG26168                   00000001800115e8     ClosedLoopSystem_PID_Exp_python_block_2_cgxe_registry.obj
 0003:00000600       $SG26179                   0000000180011600     ClosedLoopSystem_PID_Exp_python_block_2_cgxe_registry.obj
 0003:00000624       $SG27677                   0000000180011624     ClosedLoopSystem_PID_Exp_python_block_2_cgxe_registry.obj
 0003:00000630       _sfcnName                  0000000180011630     ClosedLoopSystem_PID_Exp_python_block_2_cgxe_registry.obj
 0003:00000680       $SG26194                   0000000180011680     ClosedLoopSystem_PID_Exp_python_block_2_cgxe_registry.obj
 0003:00000700       $SG26198                   0000000180011700     ClosedLoopSystem_PID_Exp_python_block_2_cgxe_registry.obj
 0003:00000778       $SG26503                   0000000180011778     ClosedLoopSystem_PID_Exp_python_block_2_cgxe_registry.obj
 0003:000007a8       $SG26504                   00000001800117a8     ClosedLoopSystem_PID_Exp_python_block_2_cgxe_registry.obj
 0003:000007d8       $SG26516                   00000001800117d8     ClosedLoopSystem_PID_Exp_python_block_2_cgxe_registry.obj
 0003:000007e8       $SG26652                   00000001800117e8     ClosedLoopSystem_PID_Exp_python_block_2_cgxe_registry.obj
 0003:00000828       $SG26653                   0000000180011828     ClosedLoopSystem_PID_Exp_python_block_2_cgxe_registry.obj
 0003:00000838       $SG26654                   0000000180011838     ClosedLoopSystem_PID_Exp_python_block_2_cgxe_registry.obj
 0003:00000840       $SG26658                   0000000180011840     ClosedLoopSystem_PID_Exp_python_block_2_cgxe_registry.obj
 0003:00000888       $SG26659                   0000000180011888     ClosedLoopSystem_PID_Exp_python_block_2_cgxe_registry.obj
 0003:00000898       $SG26660                   0000000180011898     ClosedLoopSystem_PID_Exp_python_block_2_cgxe_registry.obj
 0003:000008a0       $SG26661                   00000001800118a0     ClosedLoopSystem_PID_Exp_python_block_2_cgxe_registry.obj
 0003:000008f8       $SG26662                   00000001800118f8     ClosedLoopSystem_PID_Exp_python_block_2_cgxe_registry.obj
 0003:00000908       $SG26663                   0000000180011908     ClosedLoopSystem_PID_Exp_python_block_2_cgxe_registry.obj
 0003:00000910       $SG26683                   0000000180011910     ClosedLoopSystem_PID_Exp_python_block_2_cgxe_registry.obj
 0003:00000950       $SG26684                   0000000180011950     ClosedLoopSystem_PID_Exp_python_block_2_cgxe_registry.obj
 0003:00000960       $SG26685                   0000000180011960     ClosedLoopSystem_PID_Exp_python_block_2_cgxe_registry.obj
 0003:00000970       $SG26689                   0000000180011970     ClosedLoopSystem_PID_Exp_python_block_2_cgxe_registry.obj
 0003:000009b8       $SG26690                   00000001800119b8     ClosedLoopSystem_PID_Exp_python_block_2_cgxe_registry.obj
 0003:000009c8       $SG26691                   00000001800119c8     ClosedLoopSystem_PID_Exp_python_block_2_cgxe_registry.obj
 0003:000009d0       $SG26692                   00000001800119d0     ClosedLoopSystem_PID_Exp_python_block_2_cgxe_registry.obj
 0003:00000a28       $SG26693                   0000000180011a28     ClosedLoopSystem_PID_Exp_python_block_2_cgxe_registry.obj
 0003:00000a38       $SG26694                   0000000180011a38     ClosedLoopSystem_PID_Exp_python_block_2_cgxe_registry.obj
 0003:00000a40       $SG26713                   0000000180011a40     ClosedLoopSystem_PID_Exp_python_block_2_cgxe_registry.obj
 0003:00000a90       $SG26714                   0000000180011a90     ClosedLoopSystem_PID_Exp_python_block_2_cgxe_registry.obj
 0003:00000aa0       $SG26715                   0000000180011aa0     ClosedLoopSystem_PID_Exp_python_block_2_cgxe_registry.obj
 0003:00000ab0       $SG26724                   0000000180011ab0     ClosedLoopSystem_PID_Exp_python_block_2_cgxe_registry.obj
 0003:00000b10       $SG26725                   0000000180011b10     ClosedLoopSystem_PID_Exp_python_block_2_cgxe_registry.obj
 0003:00000b18       $SG26726                   0000000180011b18     ClosedLoopSystem_PID_Exp_python_block_2_cgxe_registry.obj
 0003:00000b20       $SG26735                   0000000180011b20     ClosedLoopSystem_PID_Exp_python_block_2_cgxe_registry.obj
 0003:00000b80       $SG26736                   0000000180011b80     ClosedLoopSystem_PID_Exp_python_block_2_cgxe_registry.obj
 0003:00000b88       $SG26737                   0000000180011b88     ClosedLoopSystem_PID_Exp_python_block_2_cgxe_registry.obj
 0003:00000b90       $SG27043                   0000000180011b90     ClosedLoopSystem_PID_Exp_python_block_2_cgxe_registry.obj
 0003:00000c10       $SG27046                   0000000180011c10     ClosedLoopSystem_PID_Exp_python_block_2_cgxe_registry.obj
 0003:00000c90       $SG27051                   0000000180011c90     ClosedLoopSystem_PID_Exp_python_block_2_cgxe_registry.obj
 0003:00000d10       $SG27059                   0000000180011d10     ClosedLoopSystem_PID_Exp_python_block_2_cgxe_registry.obj
 0003:00000d80       $SG27332                   0000000180011d80     ClosedLoopSystem_PID_Exp_python_block_2_cgxe_registry.obj
 0003:00000e00       $SG27337                   0000000180011e00     ClosedLoopSystem_PID_Exp_python_block_2_cgxe_registry.obj
 0003:00000e78       $SG27661                   0000000180011e78     ClosedLoopSystem_PID_Exp_python_block_2_cgxe_registry.obj
 0003:00000e90       $SG27674                   0000000180011e90     ClosedLoopSystem_PID_Exp_python_block_2_cgxe_registry.obj
 0003:00000f08       $SG27729                   0000000180011f08     ClosedLoopSystem_PID_Exp_python_block_2_cgxe_registry.obj
 0003:00000f10       $SG27730                   0000000180011f10     ClosedLoopSystem_PID_Exp_python_block_2_cgxe_registry.obj
 0003:00000f18       $SG27731                   0000000180011f18     ClosedLoopSystem_PID_Exp_python_block_2_cgxe_registry.obj
 0003:00000f20       $SG27732                   0000000180011f20     ClosedLoopSystem_PID_Exp_python_block_2_cgxe_registry.obj
 0003:00000fa0       $SG27734                   0000000180011fa0     ClosedLoopSystem_PID_Exp_python_block_2_cgxe_registry.obj
 0003:0000101c       $SG27737                   000000018001201c     ClosedLoopSystem_PID_Exp_python_block_2_cgxe_registry.obj
 0003:00001024       $SG27740                   0000000180012024     ClosedLoopSystem_PID_Exp_python_block_2_cgxe_registry.obj
 0003:0000102c       $SG27743                   000000018001202c     ClosedLoopSystem_PID_Exp_python_block_2_cgxe_registry.obj
 0003:00001040       $SG27744                   0000000180012040     ClosedLoopSystem_PID_Exp_python_block_2_cgxe_registry.obj
 0003:000010c0       $SG27745                   00000001800120c0     ClosedLoopSystem_PID_Exp_python_block_2_cgxe_registry.obj
 0003:000010d0       $SG27747                   00000001800120d0     ClosedLoopSystem_PID_Exp_python_block_2_cgxe_registry.obj
 0003:000010dc       $SG27749                   00000001800120dc     ClosedLoopSystem_PID_Exp_python_block_2_cgxe_registry.obj
 0003:000010e4       $SG27751                   00000001800120e4     ClosedLoopSystem_PID_Exp_python_block_2_cgxe_registry.obj
 0003:000010f0       $SG27753                   00000001800120f0     ClosedLoopSystem_PID_Exp_python_block_2_cgxe_registry.obj
 0003:000010fc       $SG27755                   00000001800120fc     ClosedLoopSystem_PID_Exp_python_block_2_cgxe_registry.obj
 0003:00001100       $SG27758                   0000000180012100     ClosedLoopSystem_PID_Exp_python_block_2_cgxe_registry.obj
 0003:000011e8       $SG27868                   00000001800121e8     ClosedLoopSystem_PID_Exp_python_block_2_cgxe_registry.obj
 0003:00001218       $SG27869                   0000000180012218     ClosedLoopSystem_PID_Exp_python_block_2_cgxe_registry.obj
 0003:00001228       $SG27870                   0000000180012228     ClosedLoopSystem_PID_Exp_python_block_2_cgxe_registry.obj
 0003:00001230       $SG27872                   0000000180012230     ClosedLoopSystem_PID_Exp_python_block_2_cgxe_registry.obj
 0003:00001268       $SG27873                   0000000180012268     ClosedLoopSystem_PID_Exp_python_block_2_cgxe_registry.obj
 0003:00001278       $SG27874                   0000000180012278     ClosedLoopSystem_PID_Exp_python_block_2_cgxe_registry.obj
 0003:00001280       $SG27877                   0000000180012280     ClosedLoopSystem_PID_Exp_python_block_2_cgxe_registry.obj
 0003:000012b8       $SG27878                   00000001800122b8     ClosedLoopSystem_PID_Exp_python_block_2_cgxe_registry.obj
 0003:000012c8       $SG27879                   00000001800122c8     ClosedLoopSystem_PID_Exp_python_block_2_cgxe_registry.obj
 0003:000012d0       $SG27881                   00000001800122d0     ClosedLoopSystem_PID_Exp_python_block_2_cgxe_registry.obj
 0003:00001308       $SG27882                   0000000180012308     ClosedLoopSystem_PID_Exp_python_block_2_cgxe_registry.obj
 0003:00001318       $SG27883                   0000000180012318     ClosedLoopSystem_PID_Exp_python_block_2_cgxe_registry.obj
 0003:00001320       $SG27885                   0000000180012320     ClosedLoopSystem_PID_Exp_python_block_2_cgxe_registry.obj
 0003:00001358       $SG27886                   0000000180012358     ClosedLoopSystem_PID_Exp_python_block_2_cgxe_registry.obj
 0003:00001368       $SG27887                   0000000180012368     ClosedLoopSystem_PID_Exp_python_block_2_cgxe_registry.obj
 0003:00001370       $SG27890                   0000000180012370     ClosedLoopSystem_PID_Exp_python_block_2_cgxe_registry.obj
 0003:000013a0       $SG27892                   00000001800123a0     ClosedLoopSystem_PID_Exp_python_block_2_cgxe_registry.obj
 0003:000013b8       $SG27893                   00000001800123b8     ClosedLoopSystem_PID_Exp_python_block_2_cgxe_registry.obj
 0003:000013f0       $SG27894                   00000001800123f0     ClosedLoopSystem_PID_Exp_python_block_2_cgxe_registry.obj
 0003:00001400       $SG27895                   0000000180012400     ClosedLoopSystem_PID_Exp_python_block_2_cgxe_registry.obj
 0003:00001408       $SG28026                   0000000180012408     ClosedLoopSystem_PID_Exp_python_block_2_cgxe_registry.obj
 0003:00001430       $SG28027                   0000000180012430     ClosedLoopSystem_PID_Exp_python_block_2_cgxe_registry.obj
 0003:000014c0       $SG28033                   00000001800124c0     ClosedLoopSystem_PID_Exp_python_block_2_cgxe_registry.obj
 0003:000014e0       $SG28034                   00000001800124e0     ClosedLoopSystem_PID_Exp_python_block_2_cgxe_registry.obj
 0003:00001570       $SG28040                   0000000180012570     ClosedLoopSystem_PID_Exp_python_block_2_cgxe_registry.obj
 0003:00001590       $SG28041                   0000000180012590     ClosedLoopSystem_PID_Exp_python_block_2_cgxe_registry.obj
 0003:00001620       $SG28047                   0000000180012620     ClosedLoopSystem_PID_Exp_python_block_2_cgxe_registry.obj
 0003:00001640       $SG28048                   0000000180012640     ClosedLoopSystem_PID_Exp_python_block_2_cgxe_registry.obj
 0003:000016d0       $SG28054                   00000001800126d0     ClosedLoopSystem_PID_Exp_python_block_2_cgxe_registry.obj
 0003:000016f0       $SG28055                   00000001800126f0     ClosedLoopSystem_PID_Exp_python_block_2_cgxe_registry.obj
 0003:00001780       $SG28059                   0000000180012780     ClosedLoopSystem_PID_Exp_python_block_2_cgxe_registry.obj
 0003:000017a0       $SG28060                   00000001800127a0     ClosedLoopSystem_PID_Exp_python_block_2_cgxe_registry.obj
 0003:00001830       $SG28064                   0000000180012830     ClosedLoopSystem_PID_Exp_python_block_2_cgxe_registry.obj
 0003:00001860       $SG28065                   0000000180012860     ClosedLoopSystem_PID_Exp_python_block_2_cgxe_registry.obj
 0003:000018f0       $SG28069                   00000001800128f0     ClosedLoopSystem_PID_Exp_python_block_2_cgxe_registry.obj
 0003:00001920       $SG28070                   0000000180012920     ClosedLoopSystem_PID_Exp_python_block_2_cgxe_registry.obj
 0003:000019b0       $SG28074                   00000001800129b0     ClosedLoopSystem_PID_Exp_python_block_2_cgxe_registry.obj
 0003:000019d0       $SG28075                   00000001800129d0     ClosedLoopSystem_PID_Exp_python_block_2_cgxe_registry.obj
 0003:00001a60       $SG28079                   0000000180012a60     ClosedLoopSystem_PID_Exp_python_block_2_cgxe_registry.obj
 0003:00001a80       $SG28080                   0000000180012a80     ClosedLoopSystem_PID_Exp_python_block_2_cgxe_registry.obj
 0003:00001b10       $SG28084                   0000000180012b10     ClosedLoopSystem_PID_Exp_python_block_2_cgxe_registry.obj
 0003:00001b30       $SG28085                   0000000180012b30     ClosedLoopSystem_PID_Exp_python_block_2_cgxe_registry.obj
 0003:00001bc0       $SG28089                   0000000180012bc0     ClosedLoopSystem_PID_Exp_python_block_2_cgxe_registry.obj
 0003:00001be0       $SG28090                   0000000180012be0     ClosedLoopSystem_PID_Exp_python_block_2_cgxe_registry.obj
 0003:00001c70       $SG28094                   0000000180012c70     ClosedLoopSystem_PID_Exp_python_block_2_cgxe_registry.obj
 0003:00001c90       $SG28095                   0000000180012c90     ClosedLoopSystem_PID_Exp_python_block_2_cgxe_registry.obj
 0003:00001d20       $SG28099                   0000000180012d20     ClosedLoopSystem_PID_Exp_python_block_2_cgxe_registry.obj
 0003:00001d40       $SG28100                   0000000180012d40     ClosedLoopSystem_PID_Exp_python_block_2_cgxe_registry.obj
 0003:00001dd0       $SG28104                   0000000180012dd0     ClosedLoopSystem_PID_Exp_python_block_2_cgxe_registry.obj
 0003:00001df0       $SG28105                   0000000180012df0     ClosedLoopSystem_PID_Exp_python_block_2_cgxe_registry.obj
 0003:00001e80       $SG28109                   0000000180012e80     ClosedLoopSystem_PID_Exp_python_block_2_cgxe_registry.obj
 0003:00001ea0       $SG28110                   0000000180012ea0     ClosedLoopSystem_PID_Exp_python_block_2_cgxe_registry.obj
 0003:00001f30       $SG28114                   0000000180012f30     ClosedLoopSystem_PID_Exp_python_block_2_cgxe_registry.obj
 0003:00001f50       $SG28115                   0000000180012f50     ClosedLoopSystem_PID_Exp_python_block_2_cgxe_registry.obj
 0003:00001fe0       $SG28120                   0000000180012fe0     ClosedLoopSystem_PID_Exp_python_block_2_cgxe_registry.obj
 0003:00002000       $SG28121                   0000000180013000     ClosedLoopSystem_PID_Exp_python_block_2_cgxe_registry.obj
 0003:00002090       $SG28126                   0000000180013090     ClosedLoopSystem_PID_Exp_python_block_2_cgxe_registry.obj
 0003:000020b0       $SG28127                   00000001800130b0     ClosedLoopSystem_PID_Exp_python_block_2_cgxe_registry.obj
 0003:00002140       $SG28131                   0000000180013140     ClosedLoopSystem_PID_Exp_python_block_2_cgxe_registry.obj
 0003:00002150       $SG28132                   0000000180013150     ClosedLoopSystem_PID_Exp_python_block_2_cgxe_registry.obj
 0003:000021e0       $SG28136                   00000001800131e0     ClosedLoopSystem_PID_Exp_python_block_2_cgxe_registry.obj
 0003:00002200       $SG28137                   0000000180013200     ClosedLoopSystem_PID_Exp_python_block_2_cgxe_registry.obj
 0003:00002290       $SG28145                   0000000180013290     ClosedLoopSystem_PID_Exp_python_block_2_cgxe_registry.obj
 0003:000022a0       $SG28146                   00000001800132a0     ClosedLoopSystem_PID_Exp_python_block_2_cgxe_registry.obj
 0003:00002330       $SG28150                   0000000180013330     ClosedLoopSystem_PID_Exp_python_block_2_cgxe_registry.obj
 0003:000023b0       $SG28152                   00000001800133b0     ClosedLoopSystem_PID_Exp_python_block_2_cgxe_registry.obj
 0003:00002430       $SG28156                   0000000180013430     ClosedLoopSystem_PID_Exp_python_block_2_cgxe_registry.obj
 0003:000024b0       $SG28179                   00000001800134b0     ClosedLoopSystem_PID_Exp_python_block_2_cgxe_registry.obj
 0003:000025c8       $SG28187                   00000001800135c8     ClosedLoopSystem_PID_Exp_python_block_2_cgxe_registry.obj
 0003:000025d8       $SG28194                   00000001800135d8     ClosedLoopSystem_PID_Exp_python_block_2_cgxe_registry.obj
 0003:000025e8       $SG28202                   00000001800135e8     ClosedLoopSystem_PID_Exp_python_block_2_cgxe_registry.obj
 0003:000025f8       $SG28209                   00000001800135f8     ClosedLoopSystem_PID_Exp_python_block_2_cgxe_registry.obj
 0003:00002608       $SG28217                   0000000180013608     ClosedLoopSystem_PID_Exp_python_block_2_cgxe_registry.obj
 0003:00002618       $SG28224                   0000000180013618     ClosedLoopSystem_PID_Exp_python_block_2_cgxe_registry.obj
 0003:00002628       $SG28230                   0000000180013628     ClosedLoopSystem_PID_Exp_python_block_2_cgxe_registry.obj
 0003:00002648       $SG28240                   0000000180013648     ClosedLoopSystem_PID_Exp_python_block_2_cgxe_registry.obj
 0003:00002678       $SG28241                   0000000180013678     ClosedLoopSystem_PID_Exp_python_block_2_cgxe_registry.obj
 0003:00002680       $SG28242                   0000000180013680     ClosedLoopSystem_PID_Exp_python_block_2_cgxe_registry.obj
 0003:00002688       $SG28252                   0000000180013688     ClosedLoopSystem_PID_Exp_python_block_2_cgxe_registry.obj
 0003:000026c0       $SG28253                   00000001800136c0     ClosedLoopSystem_PID_Exp_python_block_2_cgxe_registry.obj
 0003:000026c8       $SG28254                   00000001800136c8     ClosedLoopSystem_PID_Exp_python_block_2_cgxe_registry.obj
 0003:00002780       $SG26907                   0000000180013780     m_uZdi31gtSmAfYTvQm3xAoF.obj
 0003:00002784       $SG27725                   0000000180013784     ClosedLoopSystem_PID_Exp_python_block_2_cgxe_registry.obj
 0003:00002786       ?warningGuard@?1??ssGetRootSS@@9@9 0000000180013786     ClosedLoopSystem_PID_Exp_python_block_2_cgxe_registry.obj
 0003:00002787       ?warningGuard@?1??ssGetParentSS@@9@9 0000000180013787     ClosedLoopSystem_PID_Exp_python_block_2_cgxe_registry.obj
 0003:00002790       GS_ExceptionRecord         0000000180013790     MSVCRT:gs_report.obj
 0003:00002830       GS_ContextRecord           0000000180013830     MSVCRT:gs_report.obj
 0003:00002d00       ?__proc_attached@@3HA      0000000180013d00     MSVCRT:dll_dllmain.obj
 0003:00002d40       ?is_initialized_as_dll@@3_NA 0000000180013d40     MSVCRT:utility.obj
 0003:00002d41       ?module_local_atexit_table_initialized@@3_NA 0000000180013d41     MSVCRT:utility.obj
 0003:00002d48       ?module_local_atexit_table@@3U_onexit_table_t@@A 0000000180013d48     MSVCRT:utility.obj
 0003:00002d60       ?module_local_at_quick_exit_table@@3U_onexit_table_t@@A 0000000180013d60     MSVCRT:utility.obj
